Component: ARM Compiler 5.06 update 6 (build 750) Tool: armlink [4d35ed]

==============================================================================

Section Cross References

    bsp.o(i.ALL_GPIO_Init) refers to stm32f10x_rcc.o(i.RCC_APB2PeriphClockCmd) for RCC_APB2PeriphClockCmd
    bsp.o(i.ALL_GPIO_Init) refers to stm32f10x_rcc.o(i.RCC_APB1PeriphClockCmd) for RCC_APB1PeriphClockCmd
    bsp.o(i.ALL_GPIO_Init) refers to stm32f10x_gpio.o(i.GPIO_Init) for GPIO_Init
    bsp.o(i.ALL_GPIO_Init) refers to stm32f10x_gpio.o(i.GPIO_SetBits) for GPIO_SetBits
    bsp.o(i.SysTickInit) refers to misc.o(i.SysTick_CLKSourceConfig) for SysTick_CLKSourceConfig
    bsp.o(i.SysTickInit) refers to system_stm32f10x.o(.data) for SystemCoreClock
    bsp.o(i.SystemBspInit) refers to bsp.o(i.SysTickInit) for SysTickInit
    bsp.o(i.SystemBspInit) refers to bsp.o(i.ALL_GPIO_Init) for ALL_GPIO_Init
    bsp.o(i.SystemBspInit) refers to globalvar.o(i.GloVar_Init) for GloVar_Init
    bsp.o(i.SystemBspInit) refers to bt_uart_init.o(i.BT_UartConfig) for BT_UartConfig
    bsp.o(i.SystemBspInit) refers to adc.o(i.ADC_DMA_Init) for ADC_DMA_Init
    bsp.o(i.SystemBspInit) refers to pwminit.o(i.TIM6_Init) for TIM6_Init
    bsp.o(i.SystemBspInit) refers to pwminit.o(i.PWMInit) for PWMInit
    bsp.o(i.SystemBspInit) refers to globalvar.o(i.LS595Init) for LS595Init
    bsp.o(i.SystemBspInit) refers to rs232uartinit.o(i.RS232_UartConfig) for RS232_UartConfig
    bsp.o(i.SystemBspInit) refers to rs485uartinit.o(i.RS485_UartConfig) for RS485_UartConfig
    bsp.o(i.SystemBspInit) refers to bmp280.o(i.bmp280Init) for bmp280Init
    bsp.o(i.SystemBspInit) refers to k_config.o(i.K_Config) for K_Config
    main.o(i.StartTask) refers to os_q.o(i.OSQCreate) for OSQCreate
    main.o(i.StartTask) refers to os_mutex.o(i.OSMutexCreate) for OSMutexCreate
    main.o(i.StartTask) refers to os_sem.o(i.OSSemCreate) for OSSemCreate
    main.o(i.StartTask) refers to os_mbox.o(i.OSMboxCreate) for OSMboxCreate
    main.o(i.StartTask) refers to os_task.o(i.OSTaskCreate) for OSTaskCreate
    main.o(i.StartTask) refers to globalvar.o(i.LS595Deal) for LS595Deal
    main.o(i.StartTask) refers to os_time.o(i.OSTimeDlyHMSM) for OSTimeDlyHMSM
    main.o(i.StartTask) refers to bmp280.o(i.bmp280GetData) for bmp280GetData
    main.o(i.StartTask) refers to fmul.o(x$fpl$fmul) for __aeabi_fmul
    main.o(i.StartTask) refers to ffixu.o(x$fpl$ffixu) for __aeabi_f2uiz
    main.o(i.StartTask) refers to main.o(.bss) for rs485SendBuf
    main.o(i.StartTask) refers to main.o(.data) for RS485SendQ
    main.o(i.StartTask) refers to messdealtask.o(i.MessageDealTask) for MessageDealTask
    main.o(i.StartTask) refers to bt_sendtask.o(i.BTSendTask) for BTSendTask
    main.o(i.StartTask) refers to rs232_485task.o(i.RS485Task) for RS485Task
    main.o(i.StartTask) refers to rs232_485task.o(i.RS232Task) for RS232Task
    main.o(i.StartTask) refers to ads1243task.o(i.ADS1243_Task1) for ADS1243_Task1
    main.o(i.StartTask) refers to pwminit.o(i.PWMTask) for PWMTask
    main.o(i.StartTask) refers to can_k_task.o(i.CANTask) for CANTask
    main.o(i.StartTask) refers to can_k_task.o(i.KLineTask) for KLineTask
    main.o(i.StartTask) refers to ads1243task.o(i.ADC_Task) for ADC_Task
    main.o(i.StartTask) refers to usbtask.o(i.USBSendTask) for USBSendTask
    main.o(i.StartTask) refers to usbtask.o(i.USBRecvTask) for USBRecvTask
    main.o(i.main) refers to misc.o(i.NVIC_SetVectorTable) for NVIC_SetVectorTable
    main.o(i.main) refers to misc.o(i.NVIC_PriorityGroupConfig) for NVIC_PriorityGroupConfig
    main.o(i.main) refers to os_core.o(i.OSInit) for OSInit
    main.o(i.main) refers to memblock.o(i.MemBuf_Init) for MemBuf_Init
    main.o(i.main) refers to memq.o(i.Cir_Queue_Init) for Cir_Queue_Init
    main.o(i.main) refers to memstore.o(i.Store_Init) for Store_Init
    main.o(i.main) refers to bsp.o(i.SystemBspInit) for SystemBspInit
    main.o(i.main) refers to os_task.o(i.OSTaskCreate) for OSTaskCreate
    main.o(i.main) refers to os_core.o(i.OSStart) for OSStart
    main.o(i.main) refers to main.o(.data) for send485_Q
    main.o(i.main) refers to main.o(.bss) for START_TASK_STK
    main.o(i.main) refers to main.o(i.StartTask) for StartTask
    usbtask.o(i.USBRecvTask) refers to usbd_core.o(i.USBD_Init) for USBD_Init
    usbtask.o(i.USBRecvTask) refers to os_q.o(i.OSQPend) for OSQPend
    usbtask.o(i.USBRecvTask) refers to memblock.o(i.Mem_free) for Mem_free
    usbtask.o(i.USBRecvTask) refers to memblock.o(i.Mem_malloc) for Mem_malloc
    usbtask.o(i.USBRecvTask) refers to rt_memcpy_v6.o(.text) for __aeabi_memcpy
    usbtask.o(i.USBRecvTask) refers to os_q.o(i.OSQPost) for OSQPost
    usbtask.o(i.USBRecvTask) refers to usbd_usr.o(.data) for USR_cb
    usbtask.o(i.USBRecvTask) refers to usbd_hid_core.o(.data) for USBD_HID_cb
    usbtask.o(i.USBRecvTask) refers to usbd_desc.o(.data) for USR_desc
    usbtask.o(i.USBRecvTask) refers to usbtask.o(.bss) for USB_OTG_dev
[...]
    datADC                                   0x2000daee   Data          24  adc.o(.bss)
    bmp280Cal                                0x2000db08   Data          28  bmp280.o(.bss)
    USBD_StrDesc                             0x2000db38   Data          64  usbd_req.o(.bss)
    USB_Rx_Buffer                            0x2000db78   Data          64  usbd_hid_core.o(.bss)
    OSEventTbl                               0x2000dbb8   Data        1000  os_core.o(.bss)
    OSTaskStatStk                            0x2000dfa0   Data         512  os_core.o(.bss)
    OSTaskIdleStk                            0x2000e1a0   Data         512  os_core.o(.bss)
    OSTCBPrioTbl                             0x2000e3a0   Data         256  os_core.o(.bss)
    OSTCBTbl                                 0x2000e4a0   Data        2052  os_core.o(.bss)
    OSMemTbl                                 0x2000eca4   Data         240  os_core.o(.bss)
    OSQTbl                                   0x2000ed94   Data         480  os_core.o(.bss)
    __libspace_start                         0x2000ef74   Data          96  libspace.o(.bss)
    __temporary_stack_top$libspace           0x2000efd4   Data           0  libspace.o(.bss)



==============================================================================

Memory Map of the image

  Image Entry point : 0x08004951

  Load Region LR_IROM1 (Base: 0x08004800, Size: 0x00017ef4, Max: 0x0001b800, ABSOLUTE, COMPRESSED[0x00015f5c])

    Execution Region ER_IROM1 (Exec base: 0x08004800, Load base: 0x08004800, Size: 0x00015800, Max: 0x0001b800, ABSOLUTE)

    Exec Addr    Load Addr    Size         Type   Attr      Idx    E Section Name        Object

    0x08004800   0x08004800   0x00000150   Data   RO         2694    RESET               startup_stm32f10x_cl.o
    0x08004950   0x08004950   0x00000008   Code   RO         6460  * !!!main             c_w.l(__main.o)
    0x08004958   0x08004958   0x00000034   Code   RO         6888    !!!scatter          c_w.l(__scatter.o)
    0x0800498c   0x0800498c   0x00000064   Code   RO         6886    !!dclz77c           c_w.l(__dclz77c.o)
    0x080049f0   0x080049f0   0x0000001c   Code   RO         6890    !!handler_zi        c_w.l(__scatter_zi.o)
    0x08004a0c   0x08004a0c   0x00000000   Code   RO         6443    .ARM.Collect$$_printf_percent$$00000000  c_w.l(_printf_percent.o)
    0x08004a0c   0x08004a0c   0x00000006   Code   RO         6578    .ARM.Collect$$_printf_percent$$00000001  c_w.l(_printf_n.o)
    0x08004a12   0x08004a12   0x00000006   Code   RO         6580    .ARM.Collect$$_printf_percent$$00000002  c_w.l(_printf_p.o)
    0x08004a18   0x08004a18   0x00000006   Code   RO         6584    .ARM.Collect$$_printf_percent$$00000003  c_w.l(_printf_f.o)
    0x08004a1e   0x08004a1e   0x00000006   Code   RO         6585    .ARM.Collect$$_printf_percent$$00000004  c_w.l(_printf_e.o)
    0x08004a24   0x08004a24   0x00000006   Code   RO         6586    .ARM.Collect$$_printf_percent$$00000005  c_w.l(_printf_g.o)
    0x08004a2a   0x08004a2a   0x00000006   Code   RO         6587    .ARM.Collect$$_printf_percent$$00000006  c_w.l(_printf_a.o)
    0x08004a30   0x08004a30   0x0000000a   Code   RO         6592    .ARM.Collect$$_printf_percent$$00000007  c_w.l(_printf_ll.o)
    0x08004a3a   0x08004a3a   0x00000006   Code   RO         6582    .ARM.Collect$$_printf_percent$$00000008  c_w.l(_printf_i.o)
    0x08004a40   0x08004a40   0x00000006   Code   RO         6442    .ARM.Collect$$_printf_percent$$00000009  c_w.l(_printf_d.o)
    0x08004a46   0x08004a46   0x00000006   Code   RO         6583    .ARM.Collect$$_printf_percent$$0000000A  c_w.l(_printf_u.o)
    0x08004a4c   0x08004a4c   0x00000006   Code   RO         6581    .ARM.Collect$$_printf_percent$$0000000B  c_w.l(_printf_o.o)
    0x08004a52   0x08004a52   0x00000006   Code   RO         6579    .ARM.Collect$$_printf_percent$$0000000C  c_w.l(_printf_x.o)
    0x08004a58   0x08004a58   0x00000006   Code   RO         6589    .ARM.Collect$$_printf_percent$$0000000D  c_w.l(_printf_lli.o)
    0x08004a5e   0x08004a5e   0x00000006   Code   RO         6590    .ARM.Collect$$_printf_percent$$0000000E  c_w.l(_printf_lld.o)
    0x08004a64   0x08004a64   0x00000006   Code   RO         6591    .ARM.Collect$$_printf_percent$$0000000F  c_w.l(_printf_llu.o)
    0x08004a6a   0x08004a6a   0x00000006   Code   RO         6596    .ARM.Collect$$_printf_percent$$00000010  c_w.l(_printf_llo.o)
    0x08004a70   0x08004a70   0x00000006   Code   RO         6597    .ARM.Collect$$_printf_percent$$00000011  c_w.l(_printf_llx.o)
    0x08004a76   0x08004a76   0x0000000a   Code   RO         6593    .ARM.Collect$$_printf_percent$$00000012  c_w.l(_printf_l.o)
    0x08004a80   0x08004a80   0x00000006   Code   RO         6577    .ARM.Collect$$_printf_percent$$00000013  c_w.l(_printf_c.o)
    0x08004a86   0x08004a86   0x00000006   Code   RO         6441    .ARM.Collect$$_printf_percent$$00000014  c_w.l(_printf_s.o)
    0x08004a8c   0x08004a8c   0x00000006   Code   RO         6594    .ARM.Collect$$_printf_percent$$00000015  c_w.l(_printf_lc.o)
    0x08004a92   0x08004a92   0x00000006   Code   RO         6595    .ARM.Collect$$_printf_percent$$00000016  c_w.l(_printf_ls.o)
    0x08004a98   0x08004a98   0x00000004   Code   RO         6588    .ARM.Collect$$_printf_percent$$00000017  c_w.l(_printf_percent_end.o)
    0x08004a9c   0x08004a9c   0x00000002   Code   RO         6744    .ARM.Collect$$libinit$$00000000  c_w.l(libinit.o)
    0x08004a9e   0x08004a9e   0x00000000   Code   RO         6761    .ARM.Collect$$libinit$$00000002  c_w.l(libinit2.o)
    0x08004a9e   0x08004a9e   0x00000000   Code   RO         6763    .ARM.Collect$$libinit$$00000004  c_w.l(libinit2.o)
    0x08004a9e   0x08004a9e   0x00000000   Code   RO         6766    .ARM.Collect$$libinit$$0000000A  c_w.l(libinit2.o)
    0x08004a9e   0x08004a9e   0x00000000   Code   RO         6768    .ARM.Collect$$libinit$$0000000C  c_w.l(libinit2.o)
    0x08004a9e   0x08004a9e   0x00000000   Code   RO         6770    .ARM.Collect$$libinit$$0000000E  c_w.l(libinit2.o)
    0x08004a9e   0x08004a9e   0x00000006   Code   RO         6771    .ARM.Collect$$libinit$$0000000F  c_w.l(libinit2.o)
    0x08004aa4   0x08004aa4   0x00000000   Code   RO         6773    .ARM.Collect$$libinit$$00000011  c_w.l(libinit2.o)
    0x08004aa4   0x08004aa4   0x0000000c   Code   RO         6774    .ARM.Collect$$libinit$$00000012  c_w.l(libinit2.o)
    0x08004ab0   0x08004ab0   0x00000000   Code   RO         6775    .ARM.Collect$$libinit$$00000013  c_w.l(libinit2.o)
    0x08004ab0   0x08004ab0   0x00000000   Code   RO         6777    .ARM.Collect$$libinit$$00000015  c_w.l(libinit2.o)
    0x08004ab0   0x08004ab0   0x0000000a   Code   RO         6778    .ARM.Collect$$libinit$$00000016  c_w.l(libinit2.o)
    0x08004aba   0x08004aba   0x00000000   Code   RO         6779    .ARM.Collect$$libinit$$00000017  c_w.l(libinit2.o)
    0x08004aba   0x08004aba   0x00000000   Code   RO         6781    .ARM.Collect$$libinit$$00000019  c_w.l(libinit2.o)
    0x08004aba   0x08004aba   0x00000000   Code   RO         6783    .ARM.Collect$$libinit$$0000001B  c_w.l(libinit2.o)
    0x08004aba   0x08004aba   0x00000000   Code   RO         6785    .ARM.Collect$$libinit$$0000001D  c_w.l(libinit2.o)
    0x08004aba   0x08004aba   0x00000000   Code   RO         6787    .ARM.Collect$$libinit$$0000001F  c_w.l(libinit2.o)
    0x08004aba   0x08004aba   0x00000000   Code   RO         6789    .ARM.Collect$$libinit$$00000021  c_w.l(libinit2.o)
    0x08004aba   0x08004aba   0x00000000   Code   RO         6791    .ARM.Collect$$libinit$$00000023  c_w.l(libinit2.o)
    0x08004aba   0x08004aba   0x00000000   Code   RO         6793    .ARM.Collect$$libinit$$00000025  c_w.l(libinit2.o)
    0x08004aba   0x08004aba   0x00000000   Code   RO         6797    .ARM.Collect$$libinit$$0000002C  c_w.l(libinit2.o)
    0x08004aba   0x08004aba   0x00000000   Code   RO         6799    .ARM.Collect$$libinit$$0000002E  c_w.l(libinit2.o)
    0x08004aba   0x08004aba   0x00000000   Code   RO         6801    .ARM.Collect$$libinit$$00000030  c_w.l(libinit2.o)
    0x08004aba   0x08004aba   0x00000000   Code   RO         6803    .ARM.Collect$$libinit$$00000032  c_w.l(libinit2.o)
    0x08004aba   0x08004aba   0x00000002   Code   RO         6804    .ARM.Collect$$libinit$$00000033  c_w.l(libinit2.o)
    0x08004abc   0x08004abc   0x00000002   Code   RO         6836    .ARM.Collect$$libshutdown$$00000000  c_w.l(libshutdown.o)
    0x08004abe   0x08004abe   0x00000000   Code   RO         6853    .ARM.Collect$$libshutdown$$00000002  c_w.l(libshutdown2.o)
    0x08004abe   0x08004abe   0x00000000   Code   RO         6855    .ARM.Collect$$libshutdown$$00000004  c_w.l(libshutdown2.o)
    0x08004abe   0x08004abe   0x00000000   Code   RO         6858    .ARM.Collect$$libshutdown$$00000007  c_w.l(libshutdown2.o)
    0x08004abe   0x08004abe   0x00000000   Code   RO         6861    .ARM.Collect$$libshutdown$$0000000A  c_w.l(libshutdown2.o)
    0x08004abe   0x08004abe   0x00000000   Code   RO         6863    .ARM.Collect$$libshutdown$$0000000C  c_w.l(libshutdown2.o)
    0x08004abe   0x08004abe   0x00000000   Code   RO         6866    .ARM.Collect$$libshutdown$$0000000F  c_w.l(libshutdown2.o)
    0x08004abe   0x08004abe   0x00000002   Code   RO         6867    .ARM.Collect$$libshutdown$$00000010  c_w.l(libshutdown2.o)
    0x08004ac0   0x08004ac0   0x00000000   Code   RO         6526    .ARM.Collect$$rtentry$$00000000  c_w.l(__rtentry.o)
    0x08004ac0   0x08004ac0   0x00000000   Code   RO         6653    .ARM.Collect$$rtentry$$00000002  c_w.l(__rtentry2.o)
    0x08004ac0   0x08004ac0   0x00000006   Code   RO         6665    .ARM.Collect$$rtentry$$00000004  c_w.l(__rtentry4.o)
    0x08004ac6   0x08004ac6   0x00000000   Code   RO         6655    .ARM.Collect$$rtentry$$00000009  c_w.l(__rtentry2.o)
    0x08004ac6   0x08004ac6   0x00000004   Code   RO         6656    .ARM.Collect$$rtentry$$0000000A  c_w.l(__rtentry2.o)
    0x08004aca   0x08004aca   0x00000000   Code   RO         6658    .ARM.Collect$$rtentry$$0000000C  c_w.l(__rtentry2.o)
    0x08004aca   0x08004aca   0x00000008   Code   RO         6659    .ARM.Collect$$rtentry$$0000000D  c_w.l(__rtentry2.o)
    0x08004ad2   0x08004ad2   0x00000002   Code   RO         6749    .ARM.Collect$$rtexit$$00000000  c_w.l(rtexit.o)
    0x08004ad4   0x08004ad4   0x00000000   Code   RO         6808    .ARM.Collect$$rtexit$$00000002  c_w.l(rtexit2.o)
    0x08004ad4   0x08004ad4   0x00000004   Code   RO         6809    .ARM.Collect$$rtexit$$00000003  c_w.l(rtexit2.o)
    0x08004ad8   0x08004ad8   0x00000006   Code   RO         6810    .ARM.Collect$$rtexit$$00000004  c_w.l(rtexit2.o)
    0x08004ade   0x08004ade   0x00000002   PAD
    0x08004ae0   0x08004ae0   0x00000040   Code   RO         2695    .text               startup_stm32f10x_cl.o
    0x08004b20   0x08004b20   0x000000b4   Code   RO         6320    .text               os_cpu_a.o
    0x08004bd4   0x08004bd4   0x00000048   Code   RO         6407    .text               c_w.l(llsdiv.o)
    0x08004c1c   0x08004c1c   0x0000002c   Code   RO         6409    .text               c_w.l(sprintf.o)
    0x08004c48   0x08004c48   0x0000002c   Code   RO         6411    .text               c_w.l(__2sprintf.o)
    0x08004c74   0x08004c74   0x00000052   Code   RO         6417    .text               c_w.l(_printf_str.o)
    0x08004cc6   0x08004cc6   0x00000002   PAD
    0x08004cc8   0x08004cc8   0x00000078   Code   RO         6419    .text               c_w.l(_printf_dec.o)
    0x08004d40   0x08004d40   0x00000188   Code   RO         6438    .text               c_w.l(__printf_flags_ss_wp.o)
    0x08004ec8   0x08004ec8   0x00000024   Code   RO         6444    .text               c_w.l(strstr.o)
    0x08004eec   0x08004eec   0x00000058   Code   RO         6446    .text               c_w.l(memcmp.o)
    0x08004f44   0x08004f44   0x0000003e   Code   RO         6448    .text               c_w.l(strlen.o)
    0x08004f82   0x08004f82   0x0000008a   Code   RO         6450    .text               c_w.l(rt_memcpy_v6.o)
    0x0800500c   0x0800500c   0x00000064   Code   RO         6452    .text               c_w.l(rt_memcpy_w.o)
    0x08005070   0x08005070   0x00000044   Code   RO         6454    .text               c_w.l(rt_memclr.o)
    0x080050b4   0x080050b4   0x0000004e   Code   RO         6456    .text               c_w.l(rt_memclr_w.o)
    0x08005102   0x08005102   0x00000006   Code   RO         6458    .text               c_w.l(heapauxi.o)
    0x08005108   0x08005108   0x000000ee   Code   RO         6527    .text               c_w.l(lludivv7m.o)
    0x080051f6   0x080051f6   0x00000016   Code   RO         6529    .text               c_w.l(_rserrno.o)
    0x0800520c   0x0800520c   0x0000004e   Code   RO         6531    .text               c_w.l(_printf_pad.o)
    0x0800525a   0x0800525a   0x00000024   Code   RO         6533    .text               c_w.l(_printf_truncate.o)
    0x0800527e   0x0800527e   0x000000b2   Code   RO         6535    .text               c_w.l(_printf_intcommon.o)
    0x08005330   0x08005330   0x00000028   Code   RO         6537    .text               c_w.l(_printf_charcount.o)
    0x08005358   0x08005358   0x00000030   Code   RO         6539    .text               c_w.l(_printf_char_common.o)
    0x08005388   0x08005388   0x0000000a   Code   RO         6541    .text               c_w.l(_sputc.o)
    0x08005392   0x08005392   0x0000002c   Code   RO         6543    .text               c_w.l(_printf_char.o)
    0x080053be   0x080053be   0x00000002   PAD
    0x080053c0   0x080053c0   0x000000bc   Code   RO         6545    .text               c_w.l(_printf_wctomb.o)
    0x0800547c   0x0800547c   0x0000007c   Code   RO         6548    .text               c_w.l(_printf_longlong_dec.o)
    0x080054f8   0x080054f8   0x00000070   Code   RO         6554    .text               c_w.l(_printf_oct_int_ll.o)
    0x08005568   0x08005568   0x00000094   Code   RO         6574    .text               c_w.l(_printf_hex_int_ll_ptr.o)
    0x080055fc   0x080055fc   0x00000008   Code   RO         6674    .text               c_w.l(rt_errno_addr_intlibspace.o)
    0x08005604   0x08005604   0x0000008a   Code   RO         6676    .text               c_w.l(lludiv10.o)
    0x0800568e   0x0800568e   0x0000041e   Code   RO         6678    .text               c_w.l(_printf_fp_dec.o)
    0x08005aac   0x08005aac   0x000002fc   Code   RO         6680    .text               c_w.l(_printf_fp_hex.o)
    0x08005da8   0x08005da8   0x0000002c   Code   RO         6685    .text               c_w.l(_printf_wchar.o)
    0x08005dd4   0x08005dd4   0x00000040   Code   RO         6687    .text               c_w.l(_wcrtomb.o)
    0x08005e14   0x08005e14   0x00000008   Code   RO         6693    .text               c_w.l(libspace.o)
    0x08005e1c   0x08005e1c   0x0000004a   Code   RO         6696    .text               c_w.l(sys_stackheap_outer.o)
    0x08005e66   0x08005e66   0x00000002   PAD
    0x08005e68   0x08005e68   0x00000010   Code   RO         6698    .text               c_w.l(rt_ctype_table.o)
    0x08005e78   0x08005e78   0x00000008   Code   RO         6705    .text               c_w.l(rt_locale_intlibspace.o)
    0x08005e80   0x08005e80   0x00000080   Code   RO         6707    .text               c_w.l(_printf_fp_infnan.o)
    0x08005f00   0x08005f00   0x000000e4   Code   RO         6709    .text               c_w.l(bigflt0.o)
    0x08005fe4   0x08005fe4   0x00000012   Code   RO         6737    .text               c_w.l(exit.o)
    0x08005ff6   0x08005ff6   0x00000002   PAD
    0x08005ff8   0x08005ff8   0x00000080   Code   RO         6758    .text               c_w.l(strcmpv7m.o)
    0x08006078   0x08006078   0x0000000c   Code   RO         6824    .text               c_w.l(sys_exit.o)
    0x08006084   0x08006084   0x00000002   Code   RO         6841    .text               c_w.l(use_no_semi.o)
    0x08006086   0x08006086   0x00000000   Code   RO         6843    .text               c_w.l(indicate_semi.o)
    0x08006086   0x08006086   0x0000003e   Code   RO         6712    CL$$btod_d2e        c_w.l(btod.o)
    0x080060c4   0x080060c4   0x00000046   Code   RO         6714    CL$$btod_d2e_denorm_low  c_w.l(btod.o)
    0x0800610a   0x0800610a   0x00000060   Code   RO         6713    CL$$btod_d2e_norm_op1  c_w.l(btod.o)
    0x0800616a   0x0800616a   0x00000338   Code   RO         6722    CL$$btod_div_common  c_w.l(btod.o)
    0x080064a2   0x080064a2   0x000000dc   Code   RO         6719    CL$$btod_e2e        c_w.l(btod.o)
    0x0800657e   0x0800657e   0x0000002a   Code   RO         6716    CL$$btod_ediv       c_w.l(btod.o)
    0x080065a8   0x080065a8   0x0000002a   Code   RO         6715    CL$$btod_emul       c_w.l(btod.o)
    0x080065d2   0x080065d2   0x00000244   Code   RO         6721    CL$$btod_mult_common  c_w.l(btod.o)
    0x08006816   0x08006816   0x00000016   Code   RO         2741    i.ADC_Cmd           stm32f10x_adc.o
    0x0800682c   0x0800682c   0x00000016   Code   RO         2742    i.ADC_DMACmd        stm32f10x_adc.o
    0x08006842   0x08006842   0x00000002   PAD
    0x08006844   0x08006844   0x0000008c   Code   RO         1244    i.ADC_DMA_Config    adc.o
    0x080068d0   0x080068d0   0x00000128   Code   RO         1245    i.ADC_DMA_Init      adc.o
    0x080069f8   0x080069f8   0x00000016   Code   RO         2746    i.ADC_ExternalTrigConvCmd  stm32f10x_adc.o
    0x08006a0e   0x08006a0e   0x00000002   PAD
    0x08006a10   0x08006a10   0x00000050   Code   RO         1246    i.ADC_GPIO_Configuration  adc.o
    0x08006a60   0x08006a60   0x00000014   Code   RO         2749    i.ADC_GetCalibrationStatus  stm32f10x_adc.o
    0x08006a74   0x08006a74   0x00000014   Code   RO         2755    i.ADC_GetResetCalibrationStatus  stm32f10x_adc.o
    0x08006a88   0x08006a88   0x00000050   Code   RO         2759    i.ADC_Init          stm32f10x_adc.o
    0x08006ad8   0x08006ad8   0x000000b8   Code   RO         2763    i.ADC_RegularChannelConfig  stm32f10x_adc.o
    0x08006b90   0x08006b90   0x0000000a   Code   RO         2764    i.ADC_ResetCalibration  stm32f10x_adc.o
    0x08006b9a   0x08006b9a   0x0000000a   Code   RO         2768    i.ADC_StartCalibration  stm32f10x_adc.o
    0x08006ba4   0x08006ba4   0x000002d0   Code   RO          407    i.ADC_Task          ads1243task.o
    0x08006e74   0x08006e74   0x0000001a   Code   RO         1181    i.ADS1243_Delay     spi_config.o
    0x08006e8e   0x08006e8e   0x00000002   PAD
    0x08006e90   0x08006e90   0x000000d8   Code   RO         1182    i.ADS1243_Init1     spi_config.o
    0x08006f68   0x08006f68   0x00000074   Code   RO         1183    i.ADS1243_ReadDataC  spi_config.o
    0x08006fdc   0x08006fdc   0x00000358   Code   RO          408    i.ADS1243_Task1     ads1243task.o
    0x08007334   0x08007334   0x000000a4   Code   RO            1    i.ALL_GPIO_Init     bsp.o
    0x080073d8   0x080073d8   0x00000060   Code   RO         1096    i.BTSendDatas       bt_uart_init.o
    0x08007438   0x08007438   0x000000b0   Code   RO         1076    i.BTSendTask        bt_sendtask.o
    0x080074e8   0x080074e8   0x000000d8   Code   RO         1097    i.BT_UartConfig     bt_uart_init.o
    0x080075c0   0x080075c0   0x000000dc   Code   RO          261    i.BXWCmdDeal        messdealtask.o
    0x0800769c   0x0800769c   0x000000d8   Code   RO          262    i.BXW_CANSafe       messdealtask.o
    0x08007774   0x08007774   0x00000124   Code   RO          263    i.BXW_CANdataDeal   messdealtask.o
    0x08007898   0x08007898   0x00000634   Code   RO          455    i.BXW_DCMDataDeal   pwmdealfun.o
    0x08007ecc   0x08007ecc   0x00000740   Code   RO          456    i.BXW_PWMDataDeal   pwmdealfun.o
    0x0800860c   0x0800860c   0x00000174   Code   RO          264    i.BXW_StartUp       messdealtask.o
    0x08008780   0x08008780   0x00000048   Code   RO          510    i.BuildKey          seedkey.o
    0x080087c8   0x080087c8   0x00000004   Code   RO         2479    i.BusFault_Handler  stm32fxxx_it.o
    0x080087cc   0x080087cc   0x000000cc   Code   RO         1446    i.CAN1Config        can1_2config.o
    0x08008898   0x08008898   0x00000070   Code   RO         1447    i.CAN1SetFilter     can1_2config.o
    0x08008908   0x08008908   0x00000040   Code   RO         1448    i.CAN1_RX0_IRQHandler  can1_2config.o
    0x08008948   0x08008948   0x000000d8   Code   RO         1449    i.CAN2Config        can1_2config.o
    0x08008a20   0x08008a20   0x00000070   Code   RO         1450    i.CAN2SetFilter     can1_2config.o
    0x08008a90   0x08008a90   0x00000040   Code   RO         1451    i.CAN2_RX1_IRQHandler  can1_2config.o
    0x08008ad0   0x08008ad0   0x00000080   Code   RO          314    i.CANChannelCheck   can_k_task.o
    0x08008b50   0x08008b50   0x00000016   Code   RO          315    i.CANDelay          can_k_task.o
    0x08008b66   0x08008b66   0x00000002   PAD
    0x08008b68   0x08008b68   0x000002a4   Code   RO          316    i.CANTask           can_k_task.o
    0x08008e0c   0x08008e0c   0x00000038   Code   RO         3039    i.CAN_DeInit        stm32f10x_can.o
    0x08008e44   0x08008e44   0x00000108   Code   RO         3041    i.CAN_FilterInit    stm32f10x_can.o
    0x08008f4c   0x08008f4c   0x00000012   Code   RO         3047    i.CAN_ITConfig      stm32f10x_can.o
    0x08008f5e   0x08008f5e   0x00000114   Code   RO         3048    i.CAN_Init          stm32f10x_can.o
    0x08009072   0x08009072   0x000000f0   Code   RO         3051    i.CAN_Receive       stm32f10x_can.o
    0x08009162   0x08009162   0x00000002   PAD
    0x08009164   0x08009164   0x00000098   Code   RO         1452    i.CAN_SetBaud       can1_2config.o
    0x080091fc   0x080091fc   0x00000020   Code   RO         3054    i.CAN_StructInit    stm32f10x_can.o
    0x0800921c   0x0800921c   0x00000126   Code   RO         3056    i.CAN_Transmit      stm32f10x_can.o
    0x08009342   0x08009342   0x000000d8   Code   RO          511    i.CalcKeyForWeichai  seedkey.o
    0x0800941a   0x0800941a   0x00000048   Code   RO          512    i.CalculateAikelanECU  seedkey.o
    0x08009462   0x08009462   0x00000010   Code   RO          513    i.CalculateAikelanSeed2Key  seedkey.o
    0x08009472   0x08009472   0x0000002e   Code   RO          514    i.CalculateCumminsACM  seedkey.o
    0x080094a0   0x080094a0   0x00000074   Code   RO          515    i.CalculateCumminsECUKey  seedkey.o
    0x08009514   0x08009514   0x00000078   Code   RO          516    i.CalculateCumminsECUKey2  seedkey.o
    0x0800958c   0x0800958c   0x000000d8   Code   RO          517    i.CalculateCumminsKey  seedkey.o
    0x08009664   0x08009664   0x000000f0   Code   RO          518    i.CalculateCumminsTickCountDecrypt  seedkey.o
    0x08009754   0x08009754   0x000000a4   Code   RO          519    i.CalculateKey      seedkey.o
    0x080097f8   0x080097f8   0x0000006c   Code   RO          520    i.CalculateKeyEx    seedkey.o
    0x08009864   0x08009864   0x000000d4   Code   RO          521    i.CalculateKeyG5    seedkey.o
    0x08009938   0x08009938   0x00000036   Code   RO          522    i.CalculateMaPaiECU  seedkey.o
    0x0800996e   0x0800996e   0x00000002   PAD
    0x08009970   0x08009970   0x00000130   Code   RO          523    i.CalculateMaPaiSeed2Key  seedkey.o
    0x08009aa0   0x08009aa0   0x00000128   Code   RO          524    i.CalculateWCDCU    seedkey.o
    0x08009bc8   0x08009bc8   0x0000003c   Code   RO          525    i.CalculateWfldACM  seedkey.o
    0x08009c04   0x08009c04   0x0000003c   Code   RO         1453    i.Can1_SendData     can1_2config.o
    0x08009c40   0x08009c40   0x0000003c   Code   RO         1454    i.Can2_SendData     can1_2config.o
    0x08009c7c   0x08009c7c   0x0000000e   Code   RO          881    i.CirQ_GetLength    memq.o
    0x08009c8a   0x08009c8a   0x0000004a   Code   RO          882    i.CirQ_OnePush      memq.o
    0x08009cd4   0x08009cd4   0x00000048   Code   RO          883    i.CirQ_Pop          memq.o
    0x08009d1c   0x08009d1c   0x000000a6   Code   RO          884    i.CirQ_Pushs        memq.o
    0x08009dc2   0x08009dc2   0x00000040   Code   RO          885    i.Cir_Queue_Init    memq.o
    0x08009e02   0x08009e02   0x00000002   PAD
    0x08009e04   0x08009e04   0x000005c8   Code   RO         1024    i.ComTest           comtest.o
    0x0800a3cc   0x0800a3cc   0x0000004a   Code   RO         2113    i.DCD_EP_Close      usb_dcd.o
    0x0800a416   0x0800a416   0x00000048   Code   RO         2114    i.DCD_EP_ClrStall   usb_dcd.o
    0x0800a45e   0x0800a45e   0x00000024   Code   RO         2115    i.DCD_EP_Flush      usb_dcd.o
    0x0800a482   0x0800a482   0x00000068   Code   RO         2116    i.DCD_EP_Open       usb_dcd.o
    0x0800a4ea   0x0800a4ea   0x00000052   Code   RO         2117    i.DCD_EP_PrepareRx  usb_dcd.o
    0x0800a53c   0x0800a53c   0x0000001c   Code   RO         2118    i.DCD_EP_SetAddress  usb_dcd.o
    0x0800a558   0x0800a558   0x00000048   Code   RO         2119    i.DCD_EP_Stall      usb_dcd.o
    0x0800a5a0   0x0800a5a0   0x0000004e   Code   RO         2120    i.DCD_EP_Tx         usb_dcd.o
    0x0800a5ee   0x0800a5ee   0x00000066   Code   RO         1801    i.DCD_HandleEnumDone_ISR  usb_dcd_int.o
    0x0800a654   0x0800a654   0x00000144   Code   RO         1802    i.DCD_HandleInEP_ISR  usb_dcd_int.o
    0x0800a798   0x0800a798   0x00000100   Code   RO         1803    i.DCD_HandleOutEP_ISR  usb_dcd_int.o
    0x0800a898   0x0800a898   0x00000068   Code   RO         1804    i.DCD_HandleResume_ISR  usb_dcd_int.o
    0x0800a900   0x0800a900   0x000000e4   Code   RO         1805    i.DCD_HandleRxStatusQueueLevel_ISR  usb_dcd_int.o
    0x0800a9e4   0x0800a9e4   0x0000002c   Code   RO         1806    i.DCD_HandleSof_ISR  usb_dcd_int.o
    0x0800aa10   0x0800aa10   0x00000098   Code   RO         1807    i.DCD_HandleUSBSuspend_ISR  usb_dcd_int.o
    0x0800aaa8   0x0800aaa8   0x00000104   Code   RO         1808    i.DCD_HandleUsbReset_ISR  usb_dcd_int.o
    0x0800abac   0x0800abac   0x0000009c   Code   RO         2122    i.DCD_Init          usb_dcd.o
    0x0800ac48   0x0800ac48   0x0000002c   Code   RO         1809    i.DCD_IsoINIncomplete_ISR  usb_dcd_int.o
    0x0800ac74   0x0800ac74   0x0000002c   Code   RO         1810    i.DCD_IsoOUTIncomplete_ISR  usb_dcd_int.o
    0x0800aca0   0x0800aca0   0x0000002c   Code   RO         1811    i.DCD_OTG_ISR       usb_dcd_int.o
    0x0800accc   0x0800accc   0x00000028   Code   RO         1812    i.DCD_ReadDevInEP   usb_dcd_int.o
    0x0800acf4   0x0800acf4   0x0000002c   Code   RO         1813    i.DCD_SessionRequest_ISR  usb_dcd_int.o
    0x0800ad20   0x0800ad20   0x00000090   Code   RO         1814    i.DCD_WriteEmptyTxFifo  usb_dcd_int.o
    0x0800adb0   0x0800adb0   0x00000130   Code   RO         1040    i.DCMCh             loadtest.o
    0x0800aee0   0x0800aee0   0x00000058   Code   RO         1247    i.DMA1_Channel1_IRQHandler  adc.o
    0x0800af38   0x0800af38   0x0000001c   Code   RO         3425    i.DMA_ClearITPendingBit  stm32f10x_dma.o
    0x0800af54   0x0800af54   0x00000018   Code   RO         3426    i.DMA_Cmd           stm32f10x_dma.o
    0x0800af6c   0x0800af6c   0x0000014c   Code   RO         3427    i.DMA_DeInit        stm32f10x_dma.o
    0x0800b0b8   0x0800b0b8   0x0000002c   Code   RO         3430    i.DMA_GetITStatus   stm32f10x_dma.o
    0x0800b0e4   0x0800b0e4   0x00000012   Code   RO         3431    i.DMA_ITConfig      stm32f10x_dma.o
    0x0800b0f6   0x0800b0f6   0x0000003c   Code   RO         3432    i.DMA_Init          stm32f10x_dma.o
    0x0800b132   0x0800b132   0x00000002   PAD
    0x0800b134   0x0800b134   0x000002b0   Code   RO          265    i.DateToSend        messdealtask.o
    0x0800b3e4   0x0800b3e4   0x00000002   Code   RO         2480    i.DebugMon_Handler  stm32fxxx_it.o
    0x0800b3e6   0x0800b3e6   0x00000002   PAD
    0x0800b3e8   0x0800b3e8   0x00000048   Code   RO         2481    i.EXTI9_5_IRQHandler  stm32fxxx_it.o
    0x0800b430   0x0800b430   0x0000000c   Code   RO         3497    i.EXTI_ClearITPendingBit  stm32f10x_exti.o
    0x0800b43c   0x0800b43c   0x00000028   Code   RO         3501    i.EXTI_GetITStatus  stm32f10x_exti.o
    0x0800b464   0x0800b464   0x00000094   Code   RO         3502    i.EXTI_Init         stm32f10x_exti.o
    0x0800b4f8   0x0800b4f8   0x00000168   Code   RO          526    i.Encrypt1939       seedkey.o
    0x0800b660   0x0800b660   0x0000000c   Code   RO         3550    i.FLASH_ClearFlag   stm32f10x_flash.o
    0x0800b66c   0x0800b66c   0x0000004c   Code   RO         3555    i.FLASH_ErasePage   stm32f10x_flash.o
    0x0800b6b8   0x0800b6b8   0x00000034   Code   RO         3556    i.FLASH_GetBank1Status  stm32f10x_flash.o
    0x0800b6ec   0x0800b6ec   0x0000006c   Code   RO         3570    i.FLASH_ProgramWord  stm32f10x_flash.o
    0x0800b758   0x0800b758   0x00000018   Code   RO         3573    i.FLASH_Unlock      stm32f10x_flash.o
    0x0800b770   0x0800b770   0x00000026   Code   RO         3577    i.FLASH_WaitForLastOperation  stm32f10x_flash.o
    0x0800b796   0x0800b796   0x00000002   PAD
    0x0800b798   0x0800b798   0x000005cc   Code   RO          317    i.FrameDeal         can_k_task.o
    0x0800bd64   0x0800bd64   0x00000116   Code   RO         3850    i.GPIO_Init         stm32f10x_gpio.o
    0x0800be7a   0x0800be7a   0x00000002   PAD
    0x0800be7c   0x0800be7c   0x00000090   Code   RO         3852    i.GPIO_PinRemapConfig  stm32f10x_gpio.o
    0x0800bf0c   0x0800bf0c   0x00000012   Code   RO         3854    i.GPIO_ReadInputDataBit  stm32f10x_gpio.o
    0x0800bf1e   0x0800bf1e   0x00000004   Code   RO         3857    i.GPIO_ResetBits    stm32f10x_gpio.o
    0x0800bf22   0x0800bf22   0x00000004   Code   RO         3858    i.GPIO_SetBits      stm32f10x_gpio.o
    0x0800bf26   0x0800bf26   0x00000002   PAD
    0x0800bf28   0x0800bf28   0x0000010c   Code   RO          527    i.GenerateKeyEx     seedkey.o
    0x0800c034   0x0800c034   0x00000046   Code   RO          528    i.GetKey_WeiChai_nSeednKey_N1  seedkey.o
    0x0800c07a   0x0800c07a   0x00000044   Code   RO          529    i.GetKey_WeiChai_nSeednKey_N2  seedkey.o
    0x0800c0be   0x0800c0be   0x00000046   Code   RO          530    i.GetKey_WeiChai_nSeednKey_N3  seedkey.o
    0x0800c104   0x0800c104   0x00000046   Code   RO          531    i.GetKey_WeiChai_nSeednKey_N4  seedkey.o
    0x0800c14a   0x0800c14a   0x00000046   Code   RO          532    i.GetKey_WeiChai_nSeednKey_N5  seedkey.o
    0x0800c190   0x0800c190   0x0000004c   Code   RO          533    i.GetSeedKeyData    seedkey.o
    0x0800c1dc   0x0800c1dc   0x000000b4   Code   RO          981    i.GloVar_Init       globalvar.o
    0x0800c290   0x0800c290   0x00000004   Code   RO         2567    i.HardFault_Handler  stm32f10x_it.o
    0x0800c294   0x0800c294   0x0000002c   Code   RO         1285    i.IIC_Ack           bmp280.o
    0x0800c2c0   0x0800c2c0   0x00000038   Code   RO         1286    i.IIC_Init          bmp280.o
    0x0800c2f8   0x0800c2f8   0x0000002c   Code   RO         1287    i.IIC_NAck          bmp280.o
    0x0800c324   0x0800c324   0x0000004c   Code   RO         1288    i.IIC_Read_Byte     bmp280.o
    0x0800c370   0x0800c370   0x00000024   Code   RO         1289    i.IIC_SCL           bmp280.o
    0x0800c394   0x0800c394   0x00000024   Code   RO         1290    i.IIC_SDA           bmp280.o
    0x0800c3b8   0x0800c3b8   0x00000044   Code   RO         1291    i.IIC_Send_Byte     bmp280.o
    0x0800c3fc   0x0800c3fc   0x0000002c   Code   RO         1292    i.IIC_Start         bmp280.o
    0x0800c428   0x0800c428   0x0000002c   Code   RO         1293    i.IIC_Stop          bmp280.o
    0x0800c454   0x0800c454   0x00000042   Code   RO         1294    i.IIC_Wait_Ack      bmp280.o
    0x0800c496   0x0800c496   0x00000002   PAD
    0x0800c498   0x0800c498   0x00000090   Code   RO         1512    i.KLineFastInit     klinedeal.o
    0x0800c528   0x0800c528   0x0000006c   Code   RO         1548    i.KLineSendDatas    k_config.o
    0x0800c594   0x0800c594   0x00000058   Code   RO          318    i.KLineTask         can_k_task.o
    0x0800c5ec   0x0800c5ec   0x00000028   Code   RO          319    i.K_CheckSum        can_k_task.o
    0x0800c614   0x0800c614   0x000000c0   Code   RO         1549    i.K_Config          k_config.o
    0x0800c6d4   0x0800c6d4   0x0000008c   Code   RO          982    i.LS595Deal         globalvar.o
    0x0800c760   0x0800c760   0x00000060   Code   RO          983    i.LS595Init         globalvar.o
    0x0800c7c0   0x0800c7c0   0x00000158   Code   RO         1041    i.LoadCh            loadtest.o
    0x0800c918   0x0800c918   0x000003f4   Code   RO         1042    i.LoadTest          loadtest.o
    0x0800cd0c   0x0800cd0c   0x000001ac   Code   RO         1077    i.LoadTestDataSend  bt_sendtask.o
    0x0800ceb8   0x0800ceb8   0x00000130   Code   RO          851    i.MemBuf_Init       memblock.o
    0x0800cfe8   0x0800cfe8   0x00000004   Code   RO         2568    i.MemManage_Handler  stm32f10x_it.o
    0x0800cfec   0x0800cfec   0x00000140   Code   RO          852    i.Mem_free          memblock.o
    0x0800d12c   0x0800d12c   0x000001fc   Code   RO          853    i.Mem_malloc        memblock.o
    0x0800d328   0x0800d328   0x00000208   Code   RO          266    i.MessageDealTask   messdealtask.o
    0x0800d530   0x0800d530   0x00000068   Code   RO          267    i.MotorDeal         messdealtask.o
    0x0800d598   0x0800d598   0x00000002   Code   RO         2569    i.NMI_Handler       stm32f10x_it.o
    0x0800d59a   0x0800d59a   0x00000002   PAD
    0x0800d59c   0x0800d59c   0x00000070   Code   RO         2699    i.NVIC_Init         misc.o
    0x0800d60c   0x0800d60c   0x00000014   Code   RO         2700    i.NVIC_PriorityGroupConfig  misc.o
    0x0800d620   0x0800d620   0x00000014   Code   RO         2701    i.NVIC_SetVectorTable  misc.o
    0x0800d634   0x0800d634   0x0000002c   Code   RO         5720    i.OSInit            os_core.o
    0x0800d660   0x0800d660   0x00000002   Code   RO         6323    i.OSInitHookBegin   os_cpu_c.o
    0x0800d662   0x0800d662   0x00000002   Code   RO         6324    i.OSInitHookEnd     os_cpu_c.o
    0x0800d664   0x0800d664   0x00000024   Code   RO         5721    i.OSIntEnter        os_core.o
    0x0800d688   0x0800d688   0x00000090   Code   RO         5722    i.OSIntExit         os_core.o
    0x0800d718   0x0800d718   0x0000004c   Code   RO         5908    i.OSMboxCreate      os_mbox.o
    0x0800d764   0x0800d764   0x00000104   Code   RO         5910    i.OSMboxPend        os_mbox.o
    0x0800d868   0x0800d868   0x00000050   Code   RO         5912    i.OSMboxPost        os_mbox.o
    0x0800d8b8   0x0800d8b8   0x0000007c   Code   RO         5961    i.OSMemCreate       os_mem.o
    0x0800d934   0x0800d934   0x0000003e   Code   RO         5962    i.OSMemGet          os_mem.o
    0x0800d972   0x0800d972   0x00000036   Code   RO         5965    i.OSMemPut          os_mem.o
    0x0800d9a8   0x0800d9a8   0x00000094   Code   RO         6010    i.OSMutexCreate     os_mutex.o
    0x0800da3c   0x0800da3c   0x00000238   Code   RO         6012    i.OSMutexPend       os_mutex.o
    0x0800dc74   0x0800dc74   0x000000c8   Code   RO         6013    i.OSMutexPost       os_mutex.o
    0x0800dd3c   0x0800dd3c   0x00000084   Code   RO         6015    i.OSMutex_RdyAtPrio  os_mutex.o
    0x0800ddc0   0x0800ddc0   0x00000098   Code   RO         6057    i.OSQCreate         os_q.o
    0x0800de58   0x0800de58   0x0000011c   Code   RO         6060    i.OSQPend           os_q.o
    0x0800df74   0x0800df74   0x00000072   Code   RO         6062    i.OSQPost           os_q.o
    0x0800dfe6   0x0800dfe6   0x0000002a   Code   RO         6128    i.OSSemAccept       os_sem.o
    0x0800e010   0x0800e010   0x0000004c   Code   RO         6129    i.OSSemCreate       os_sem.o
    0x0800e05c   0x0800e05c   0x000000ec   Code   RO         6131    i.OSSemPend         os_sem.o
    0x0800e148   0x0800e148   0x00000058   Code   RO         6133    i.OSSemPost         os_sem.o
    0x0800e1a0   0x0800e1a0   0x00000048   Code   RO         5725    i.OSStart           os_core.o
    0x0800e1e8   0x0800e1e8   0x00000002   Code   RO         6325    i.OSTCBInitHook     os_cpu_c.o
    0x0800e1ea   0x0800e1ea   0x00000002   PAD
    0x0800e1ec   0x0800e1ec   0x000000a0   Code   RO         6183    i.OSTaskCreate      os_task.o
    0x0800e28c   0x0800e28c   0x000000b8   Code   RO         6184    i.OSTaskCreateExt   os_task.o
    0x0800e344   0x0800e344   0x00000002   Code   RO         6326    i.OSTaskCreateHook  os_cpu_c.o
    0x0800e346   0x0800e346   0x00000002   Code   RO         6328    i.OSTaskIdleHook    os_cpu_c.o
    0x0800e348   0x0800e348   0x00000070   Code   RO         6188    i.OSTaskNameSet     os_task.o
    0x0800e3b8   0x0800e3b8   0x00000002   Code   RO         6330    i.OSTaskStatHook    os_cpu_c.o
    0x0800e3ba   0x0800e3ba   0x00000002   PAD
    0x0800e3bc   0x0800e3bc   0x0000008c   Code   RO         6193    i.OSTaskStkChk      os_task.o
    0x0800e448   0x0800e448   0x0000009a   Code   RO         6331    i.OSTaskStkInit     os_cpu_c.o
    0x0800e4e2   0x0800e4e2   0x00000002   PAD
    0x0800e4e4   0x0800e4e4   0x000000a8   Code   RO         6194    i.OSTaskSuspend     os_task.o
    0x0800e58c   0x0800e58c   0x00000002   Code   RO         6332    i.OSTaskSwHook      os_cpu_c.o
    0x0800e58e   0x0800e58e   0x00000002   PAD
    0x0800e590   0x0800e590   0x00000078   Code   RO         6278    i.OSTimeDly         os_time.o
    0x0800e608   0x0800e608   0x00000060   Code   RO         6279    i.OSTimeDlyHMSM     os_time.o
    0x0800e668   0x0800e668   0x000000ec   Code   RO         5727    i.OSTimeTick        os_core.o
    0x0800e754   0x0800e754   0x00000002   Code   RO         6333    i.OSTimeTickHook    os_cpu_c.o
    0x0800e756   0x0800e756   0x00000002   PAD
    0x0800e758   0x0800e758   0x00000084   Code   RO         5730    i.OS_EventTaskRdy   os_core.o
    0x0800e7dc   0x0800e7dc   0x0000002a   Code   RO         5731    i.OS_EventTaskRemove  os_core.o
    0x0800e806   0x0800e806   0x00000002   PAD
    0x0800e808   0x0800e808   0x0000007c   Code   RO         5732    i.OS_EventTaskWait  os_core.o
    0x0800e884   0x0800e884   0x0000001c   Code   RO         5733    i.OS_EventWaitListInit  os_core.o
    0x0800e8a0   0x0800e8a0   0x00000054   Code   RO         5734    i.OS_InitEventList  os_core.o
    0x0800e8f4   0x0800e8f4   0x00000054   Code   RO         5735    i.OS_InitMisc       os_core.o
    0x0800e948   0x0800e948   0x00000044   Code   RO         5736    i.OS_InitRdyList    os_core.o
    0x0800e98c   0x0800e98c   0x00000080   Code   RO         5737    i.OS_InitTCBList    os_core.o
    0x0800ea0c   0x0800ea0c   0x00000050   Code   RO         5738    i.OS_InitTaskIdle   os_core.o
    0x0800ea5c   0x0800ea5c   0x00000050   Code   RO         5739    i.OS_InitTaskStat   os_core.o
    0x0800eaac   0x0800eaac   0x00000012   Code   RO         5740    i.OS_MemClr         os_core.o
    0x0800eabe   0x0800eabe   0x00000002   PAD
    0x0800eac0   0x0800eac0   0x00000058   Code   RO         5967    i.OS_MemInit        os_mem.o
    0x0800eb18   0x0800eb18   0x00000054   Code   RO         6066    i.OS_QInit          os_q.o
    0x0800eb6c   0x0800eb6c   0x00000074   Code   RO         5742    i.OS_Sched          os_core.o
    0x0800ebe0   0x0800ebe0   0x0000002c   Code   RO         5743    i.OS_SchedNew       os_core.o
    0x0800ec0c   0x0800ec0c   0x0000012c   Code   RO         5745    i.OS_TCBInit        os_core.o
    0x0800ed38   0x0800ed38   0x00000028   Code   RO         5746    i.OS_TaskIdle       os_core.o
    0x0800ed60   0x0800ed60   0x00000088   Code   RO         5747    i.OS_TaskStat       os_core.o
    0x0800ede8   0x0800ede8   0x0000003c   Code   RO         5748    i.OS_TaskStatStkChk  os_core.o
    0x0800ee24   0x0800ee24   0x0000001a   Code   RO         6196    i.OS_TaskStkClr     os_task.o
    0x0800ee3e   0x0800ee3e   0x00000002   PAD
    0x0800ee40   0x0800ee40   0x0000038c   Code   RO          477    i.OTA_Updata        ota_code.o
    0x0800f1cc   0x0800f1cc   0x00000018   Code   RO         2482    i.OTG_FS_IRQHandler  stm32fxxx_it.o
    0x0800f1e4   0x0800f1e4   0x00000028   Code   RO         2483    i.OTG_FS_WKUP_IRQHandler  stm32fxxx_it.o
    0x0800f20c   0x0800f20c   0x000003e4   Code   RO          360    i.PWMDataInit       pwminit.o
    0x0800f5f0   0x0800f5f0   0x00000228   Code   RO          361    i.PWMInit           pwminit.o
    0x0800f818   0x0800f818   0x000002a8   Code   RO          362    i.PWMTask           pwminit.o
    0x0800fac0   0x0800fac0   0x0000086c   Code   RO         2570    i.PWMTurnOC         stm32f10x_it.o
    0x0801032c   0x0801032c   0x00000018   Code   RO         4264    i.RCC_ADCCLKConfig  stm32f10x_rcc.o
    0x08010344   0x08010344   0x00000020   Code   RO         4265    i.RCC_AHBPeriphClockCmd  stm32f10x_rcc.o
    0x08010364   0x08010364   0x00000020   Code   RO         4267    i.RCC_APB1PeriphClockCmd  stm32f10x_rcc.o
    0x08010384   0x08010384   0x00000020   Code   RO         4268    i.RCC_APB1PeriphResetCmd  stm32f10x_rcc.o
    0x080103a4   0x080103a4   0x00000020   Code   RO         4269    i.RCC_APB2PeriphClockCmd  stm32f10x_rcc.o
    0x080103c4   0x080103c4   0x00000020   Code   RO         4270    i.RCC_APB2PeriphResetCmd  stm32f10x_rcc.o
    0x080103e4   0x080103e4   0x0000018c   Code   RO         4277    i.RCC_GetClocksFreq  stm32f10x_rcc.o
    0x08010570   0x08010570   0x0000000c   Code   RO         4290    i.RCC_OTGFSCLKConfig  stm32f10x_rcc.o
    0x0801057c   0x0801057c   0x00000020   Code   RO         1295    i.READ_SDA          bmp280.o
    0x0801059c   0x0801059c   0x00000060   Code   RO         1582    i.RS232SendDatas    rs232uartinit.o
    0x080105fc   0x080105fc   0x00000034   Code   RO          436    i.RS232Task         rs232_485task.o
    0x08010630   0x08010630   0x000000c8   Code   RO         1583    i.RS232_UartConfig  rs232uartinit.o
    0x080106f8   0x080106f8   0x00000060   Code   RO         1622    i.RS485SendDatas    rs485uartinit.o
    0x08010758   0x08010758   0x00000034   Code   RO          437    i.RS485Task         rs232_485task.o
    0x0801078c   0x0801078c   0x000000cc   Code   RO         1623    i.RS485_UartConfig  rs485uartinit.o
    0x08010858   0x08010858   0x000006f8   Code   RO          497    i.RcvSeed_CatchMask  seedkeyfun.o
    0x08010f50   0x08010f50   0x000000a4   Code   RO          985    i.RecvPackAnalysis  globalvar.o
    0x08010ff4   0x08010ff4   0x0000002c   Code   RO         1296    i.SDA_IN            bmp280.o
    0x08011020   0x08011020   0x0000002c   Code   RO         1297    i.SDA_OUT           bmp280.o
    0x0801104c   0x0801104c   0x000000d8   Code   RO         1186    i.SPI3_ConfigInit   spi_config.o
    0x08011124   0x08011124   0x00000034   Code   RO         1187    i.SPI3_SendByte     spi_config.o
    0x08011158   0x08011158   0x00000018   Code   RO         4799    i.SPI_Cmd           stm32f10x_spi.o
    0x08011170   0x08011170   0x00000012   Code   RO         4807    i.SPI_I2S_GetFlagStatus  stm32f10x_spi.o
    0x08011182   0x08011182   0x00000006   Code   RO         4810    i.SPI_I2S_ReceiveData  stm32f10x_spi.o
    0x08011188   0x08011188   0x00000004   Code   RO         4811    i.SPI_I2S_SendData  stm32f10x_spi.o
    0x0801118c   0x0801118c   0x0000003c   Code   RO         4812    i.SPI_Init          stm32f10x_spi.o
    0x080111c8   0x080111c8   0x00000040   Code   RO         1188    i.SPI_read_reg      spi_config.o
    0x08011208   0x08011208   0x00000044   Code   RO         1189    i.SPI_write_reg     spi_config.o
    0x0801124c   0x0801124c   0x00000002   Code   RO         2484    i.SVC_Handler       stm32fxxx_it.o
    0x0801124e   0x0801124e   0x00000002   PAD
    0x08011250   0x08011250   0x00000088   Code   RO          822    i.SbootParaToFlash  flashdeal.o
    0x080112d8   0x080112d8   0x0000009e   Code   RO          534    i.SecretAccess1     seedkey.o
    0x08011376   0x08011376   0x00000038   Code   RO          536    i.SeedToKey         seedkey.o
    0x080113ae   0x080113ae   0x00000002   PAD
    0x080113b0   0x080113b0   0x00000048   Code   RO          537    i.Seedkey_WC_DCU    seedkey.o
    0x080113f8   0x080113f8   0x00000008   Code   RO         2663    i.SetSysClock       system_stm32f10x.o
    0x08011400   0x08011400   0x000000e4   Code   RO         2664    i.SetSysClockTo72   system_stm32f10x.o
    0x080114e4   0x080114e4   0x00000040   Code   RO          823    i.SoftErasePage     flashdeal.o
    0x08011524   0x08011524   0x00000078   Code   RO          824    i.SoftProgramUpdate  flashdeal.o
    0x0801159c   0x0801159c   0x0000040c   Code   RO          162    i.StartTask         main.o
    0x080119a8   0x080119a8   0x0000002a   Code   RO          927    i.Store_Clear       memstore.o
    0x080119d2   0x080119d2   0x00000052   Code   RO          929    i.Store_Getdates    memstore.o
    0x08011a24   0x08011a24   0x0000000e   Code   RO          930    i.Store_Getlength   memstore.o
    0x08011a32   0x08011a32   0x0000003c   Code   RO          931    i.Store_Init        memstore.o
    0x08011a6e   0x08011a6e   0x00000038   Code   RO          933    i.Store_Push        memstore.o
    0x08011aa6   0x08011aa6   0x0000004e   Code   RO          934    i.Store_Pushs       memstore.o
    0x08011af4   0x08011af4   0x00000068   Code   RO            2    i.SysTickInit       bsp.o
    0x08011b5c   0x08011b5c   0x00000028   Code   RO         2703    i.SysTick_CLKSourceConfig  misc.o
    0x08011b84   0x08011b84   0x00000010   Code   RO         2571    i.SysTick_Handler   stm32f10x_it.o
    0x08011b94   0x08011b94   0x00000044   Code   RO            3    i.SystemBspInit     bsp.o
    0x08011bd8   0x08011bd8   0x00000050   Code   RO         2665    i.SystemInit        system_stm32f10x.o
    0x08011c28   0x08011c28   0x00000050   Code   RO         1248    i.TIM2_Configuration  adc.o
    0x08011c78   0x08011c78   0x00000078   Code   RO         2572    i.TIM4_IRQHandler   stm32f10x_it.o
    0x08011cf0   0x08011cf0   0x00000078   Code   RO         2573    i.TIM5_IRQHandler   stm32f10x_it.o
    0x08011d68   0x08011d68   0x00000558   Code   RO         2574    i.TIM6_IRQHandler   stm32f10x_it.o
    0x080122c0   0x080122c0   0x0000009c   Code   RO          363    i.TIM6_Init         pwminit.o
    0x0801235c   0x0801235c   0x00000178   Code   RO          364    i.TIME_Init         pwminit.o
    0x080124d4   0x080124d4   0x000000a4   Code   RO          365    i.TIMOCSet          pwminit.o
    0x08012578   0x08012578   0x00000018   Code   RO         4942    i.TIM_ARRPreloadConfig  stm32f10x_tim.o
    0x08012590   0x08012590   0x00000006   Code   RO         4949    i.TIM_ClearITPendingBit  stm32f10x_tim.o
    0x08012596   0x08012596   0x00000018   Code   RO         4954    i.TIM_Cmd           stm32f10x_tim.o
    0x080125ae   0x080125ae   0x0000001e   Code   RO         4956    i.TIM_CtrlPWMOutputs  stm32f10x_tim.o
    0x080125cc   0x080125cc   0x00000006   Code   RO         4969    i.TIM_GetCapture1   stm32f10x_tim.o
    0x080125d2   0x080125d2   0x00000006   Code   RO         4970    i.TIM_GetCapture2   stm32f10x_tim.o
    0x080125d8   0x080125d8   0x00000006   Code   RO         4971    i.TIM_GetCapture3   stm32f10x_tim.o
    0x080125de   0x080125de   0x00000008   Code   RO         4972    i.TIM_GetCapture4   stm32f10x_tim.o
    0x080125e6   0x080125e6   0x00000022   Code   RO         4975    i.TIM_GetITStatus   stm32f10x_tim.o
    0x08012608   0x08012608   0x00000012   Code   RO         4979    i.TIM_ITConfig      stm32f10x_tim.o
    0x0801261a   0x0801261a   0x00000002   PAD
    0x0801261c   0x0801261c   0x00000098   Code   RO         4983    i.TIM_OC1Init       stm32f10x_tim.o
    0x080126b4   0x080126b4   0x00000012   Code   RO         4986    i.TIM_OC1PreloadConfig  stm32f10x_tim.o
    0x080126c6   0x080126c6   0x00000002   PAD
    0x080126c8   0x080126c8   0x000000a4   Code   RO         4988    i.TIM_OC2Init       stm32f10x_tim.o
    0x0801276c   0x0801276c   0x0000001a   Code   RO         4991    i.TIM_OC2PreloadConfig  stm32f10x_tim.o
    0x08012786   0x08012786   0x00000002   PAD
    0x08012788   0x08012788   0x000000a0   Code   RO         4993    i.TIM_OC3Init       stm32f10x_tim.o
    0x08012828   0x08012828   0x00000012   Code   RO         4996    i.TIM_OC3PreloadConfig  stm32f10x_tim.o
    0x0801283a   0x0801283a   0x00000002   PAD
    0x0801283c   0x0801283c   0x0000007c   Code   RO         4998    i.TIM_OC4Init       stm32f10x_tim.o
    0x080128b8   0x080128b8   0x0000001a   Code   RO         5000    i.TIM_OC4PreloadConfig  stm32f10x_tim.o
    0x080128d2   0x080128d2   0x00000004   Code   RO         5015    i.TIM_SetCompare1   stm32f10x_tim.o
    0x080128d6   0x080128d6   0x00000004   Code   RO         5016    i.TIM_SetCompare2   stm32f10x_tim.o
    0x080128da   0x080128da   0x00000004   Code   RO         5017    i.TIM_SetCompare3   stm32f10x_tim.o
    0x080128de   0x080128de   0x00000006   Code   RO         5018    i.TIM_SetCompare4   stm32f10x_tim.o
    0x080128e4   0x080128e4   0x000000a4   Code   RO         5025    i.TIM_TimeBaseInit  stm32f10x_tim.o
    0x08012988   0x08012988   0x0000028c   Code   RO         1584    i.Test232RxDataDeal  rs232uartinit.o
    0x08012c14   0x08012c14   0x00000190   Code   RO          538    i.TickCountDecrypt  seedkey.o
    0x08012da4   0x08012da4   0x00000294   Code   RO         1550    i.UART4_IRQHandler  k_config.o
    0x08013038   0x08013038   0x00000214   Code   RO         1624    i.UART5_IRQHandler  rs485uartinit.o
    0x0801324c   0x0801324c   0x0000025c   Code   RO         1585    i.USART1_IRQHandler  rs232uartinit.o
    0x080134a8   0x080134a8   0x00000238   Code   RO         1098    i.USART3_IRQHandler  bt_uart_init.o
    0x080136e0   0x080136e0   0x0000001e   Code   RO         5487    i.USART_ClearITPendingBit  stm32f10x_usart.o
    0x080136fe   0x080136fe   0x00000018   Code   RO         5490    i.USART_Cmd         stm32f10x_usart.o
    0x08013716   0x08013716   0x00000002   PAD
    0x08013718   0x08013718   0x0000009c   Code   RO         5492    i.USART_DeInit      stm32f10x_usart.o
    0x080137b4   0x080137b4   0x00000054   Code   RO         5494    i.USART_GetITStatus  stm32f10x_usart.o
    0x08013808   0x08013808   0x0000004a   Code   RO         5496    i.USART_ITConfig    stm32f10x_usart.o
    0x08013852   0x08013852   0x00000002   PAD
    0x08013854   0x08013854   0x000000d8   Code   RO         5497    i.USART_Init        stm32f10x_usart.o
    0x0801392c   0x0801392c   0x0000000a   Code   RO         5504    i.USART_ReceiveData  stm32f10x_usart.o
    0x08013936   0x08013936   0x00000008   Code   RO         5507    i.USART_SendData    stm32f10x_usart.o
    0x0801393e   0x0801393e   0x00000016   Code   RO         2286    i.USBD_ClrCfg       usbd_core.o
    0x08013954   0x08013954   0x00000048   Code   RO         2195    i.USBD_ClrFeature   usbd_req.o
    0x0801399c   0x0801399c   0x0000001e   Code   RO         2382    i.USBD_CtlContinueRx  usbd_ioreq.o
    0x080139ba   0x080139ba   0x0000001e   Code   RO         2383    i.USBD_CtlContinueSendData  usbd_ioreq.o
    0x080139d8   0x080139d8   0x0000001e   Code   RO         2196    i.USBD_CtlError     usbd_req.o
    0x080139f6   0x080139f6   0x00000024   Code   RO         2385    i.USBD_CtlReceiveStatus  usbd_ioreq.o
    0x08013a1a   0x08013a1a   0x0000002e   Code   RO         2386    i.USBD_CtlSendData  usbd_ioreq.o
    0x08013a48   0x08013a48   0x00000024   Code   RO         2387    i.USBD_CtlSendStatus  usbd_ioreq.o
    0x08013a6c   0x08013a6c   0x000000d0   Code   RO         2287    i.USBD_DataInStage  usbd_core.o
    0x08013b3c   0x08013b3c   0x00000096   Code   RO         2288    i.USBD_DataOutStage  usbd_core.o
    0x08013bd2   0x08013bd2   0x00000006   Code   RO         2289    i.USBD_DeInit       usbd_core.o
    0x08013bd8   0x08013bd8   0x00000018   Code   RO         2290    i.USBD_DevConnected  usbd_core.o
    0x08013bf0   0x08013bf0   0x00000024   Code   RO         2291    i.USBD_DevDisconnected  usbd_core.o
    0x08013c14   0x08013c14   0x00000054   Code   RO         2197    i.USBD_GetConfig    usbd_req.o
    0x08013c68   0x08013c68   0x00000122   Code   RO         2198    i.USBD_GetDescriptor  usbd_req.o
    0x08013d8a   0x08013d8a   0x00000014   Code   RO         2199    i.USBD_GetLen       usbd_req.o
    0x08013d9e   0x08013d9e   0x00000002   PAD
    0x08013da0   0x08013da0   0x00000050   Code   RO         2200    i.USBD_GetStatus    usbd_req.o
    0x08013df0   0x08013df0   0x00000052   Code   RO         2201    i.USBD_GetString    usbd_req.o
    0x08013e42   0x08013e42   0x00000012   Code   RO         2430    i.USBD_HID_DataIn   usbd_hid_core.o
    0x08013e54   0x08013e54   0x0000002c   Code   RO         2431    i.USBD_HID_DataOut  usbd_hid_core.o
    0x08013e80   0x08013e80   0x0000001a   Code   RO         2432    i.USBD_HID_DeInit   usbd_hid_core.o
    0x08013e9a   0x08013e9a   0x00000002   PAD
    0x08013e9c   0x08013e9c   0x00000010   Code   RO         2433    i.USBD_HID_GetCfgDesc  usbd_hid_core.o
    0x08013eac   0x08013eac   0x00000034   Code   RO         2434    i.USBD_HID_Init     usbd_hid_core.o
    0x08013ee0   0x08013ee0   0x00000022   Code   RO         2435    i.USBD_HID_SendReport  usbd_hid_core.o
    0x08013f02   0x08013f02   0x00000002   PAD
    0x08013f04   0x08013f04   0x000000e8   Code   RO         2436    i.USBD_HID_Setup    usbd_hid_core.o
    0x08013fec   0x08013fec   0x00000042   Code   RO         2292    i.USBD_Init         usbd_core.o
    0x0801402e   0x0801402e   0x00000012   Code   RO         2293    i.USBD_IsoINIncomplete  usbd_core.o
    0x08014040   0x08014040   0x00000012   Code   RO         2294    i.USBD_IsoOUTIncomplete  usbd_core.o
    0x08014052   0x08014052   0x00000100   Code   RO         1815    i.USBD_OTG_ISR_Handler  usb_dcd_int.o
    0x08014152   0x08014152   0x00000048   Code   RO         2202    i.USBD_ParseSetupRequest  usbd_req.o
    0x0801419a   0x0801419a   0x00000032   Code   RO         2295    i.USBD_Reset        usbd_core.o
    0x080141cc   0x080141cc   0x0000001e   Code   RO         2296    i.USBD_Resume       usbd_core.o
    0x080141ea   0x080141ea   0x00000002   PAD
    0x080141ec   0x080141ec   0x00000014   Code   RO         2297    i.USBD_RunTestMode  usbd_core.o
    0x08014200   0x08014200   0x0000001a   Code   RO         2298    i.USBD_SOF          usbd_core.o
    0x0801421a   0x0801421a   0x0000005c   Code   RO         2203    i.USBD_SetAddress   usbd_req.o
    0x08014276   0x08014276   0x0000001e   Code   RO         2299    i.USBD_SetCfg       usbd_core.o
    0x08014294   0x08014294   0x000000d0   Code   RO         2204    i.USBD_SetConfig    usbd_req.o
    0x08014364   0x08014364   0x000000a4   Code   RO         2205    i.USBD_SetFeature   usbd_req.o
    0x08014408   0x08014408   0x00000054   Code   RO         2300    i.USBD_SetupStage   usbd_core.o
    0x0801445c   0x0801445c   0x00000072   Code   RO         2206    i.USBD_StdDevReq    usbd_req.o
    0x080144ce   0x080144ce   0x00000002   PAD
    0x080144d0   0x080144d0   0x0000015c   Code   RO         2207    i.USBD_StdEPReq     usbd_req.o
    0x0801462c   0x0801462c   0x0000004c   Code   RO         2208    i.USBD_StdItfReq    usbd_req.o
    0x08014678   0x08014678   0x00000020   Code   RO         2301    i.USBD_Suspend      usbd_core.o
    0x08014698   0x08014698   0x00000034   Code   RO         1743    i.USBD_USR_ConfigStrDescriptor  usbd_desc.o
    0x080146cc   0x080146cc   0x00000002   Code   RO         1688    i.USBD_USR_DeviceConfigured  usbd_usr.o
    0x080146ce   0x080146ce   0x00000002   Code   RO         1689    i.USBD_USR_DeviceConnected  usbd_usr.o
    0x080146d0   0x080146d0   0x00000010   Code   RO         1744    i.USBD_USR_DeviceDescriptor  usbd_desc.o
    0x080146e0   0x080146e0   0x00000002   Code   RO         1690    i.USBD_USR_DeviceDisconnected  usbd_usr.o
    0x080146e2   0x080146e2   0x00000002   Code   RO         1691    i.USBD_USR_DeviceReset  usbd_usr.o
    0x080146e4   0x080146e4   0x00000002   Code   RO         1692    i.USBD_USR_DeviceResumed  usbd_usr.o
    0x080146e6   0x080146e6   0x00000002   Code   RO         1693    i.USBD_USR_DeviceSuspended  usbd_usr.o
    0x080146e8   0x080146e8   0x00000002   Code   RO         1694    i.USBD_USR_Init     usbd_usr.o
    0x080146ea   0x080146ea   0x00000002   PAD
    0x080146ec   0x080146ec   0x00000038   Code   RO         1745    i.USBD_USR_InterfaceStrDescriptor  usbd_desc.o
    0x08014724   0x08014724   0x00000010   Code   RO         1746    i.USBD_USR_LangIDStrDescriptor  usbd_desc.o
    0x08014734   0x08014734   0x00000028   Code   RO         1747    i.USBD_USR_ManufacturerStrDescriptor  usbd_desc.o
    0x0801475c   0x0801475c   0x00000050   Code   RO         1748    i.USBD_USR_ProductStrDescriptor  usbd_desc.o
    0x080147ac   0x080147ac   0x00000048   Code   RO         1749    i.USBD_USR_SerialStrDescriptor  usbd_desc.o
    0x080147f4   0x080147f4   0x00000100   Code   RO          236    i.USBRecvTask       usbtask.o
    0x080148f4   0x080148f4   0x0000002c   Code   RO          237    i.USBSendTask       usbtask.o
    0x08014920   0x08014920   0x0000006a   Code   RO         1891    i.USB_OTG_ActiveRemoteWakeup  usb_core.o
    0x0801498a   0x0801498a   0x0000002c   Code   RO         1655    i.USB_OTG_BSP_EnableInterrupt  usb_bsp.o
    0x080149b6   0x080149b6   0x00000070   Code   RO         1656    i.USB_OTG_BSP_Init  usb_bsp.o
    0x08014a26   0x08014a26   0x00000012   Code   RO         1657    i.USB_OTG_BSP_mDelay  usb_bsp.o
    0x08014a38   0x08014a38   0x0000001e   Code   RO         1658    i.USB_OTG_BSP_uDelay  usb_bsp.o
    0x08014a56   0x08014a56   0x0000011a   Code   RO         1892    i.USB_OTG_CoreInit  usb_core.o
    0x08014b70   0x08014b70   0x0000020a   Code   RO         1893    i.USB_OTG_CoreInitDev  usb_core.o
    0x08014d7a   0x08014d7a   0x00000002   PAD
    0x08014d7c   0x08014d7c   0x00000070   Code   RO         1894    i.USB_OTG_CoreReset  usb_core.o
    0x08014dec   0x08014dec   0x00000022   Code   RO         1895    i.USB_OTG_DisableGlobalInt  usb_core.o
    0x08014e0e   0x08014e0e   0x0000006a   Code   RO         1896    i.USB_OTG_EP0Activate  usb_core.o
    0x08014e78   0x08014e78   0x00000156   Code   RO         1897    i.USB_OTG_EP0StartXfer  usb_core.o
    0x08014fce   0x08014fce   0x00000062   Code   RO         1898    i.USB_OTG_EP0_OutStart  usb_core.o
    0x08015030   0x08015030   0x00000098   Code   RO         1899    i.USB_OTG_EPActivate  usb_core.o
    0x080150c8   0x080150c8   0x00000050   Code   RO         1900    i.USB_OTG_EPClearStall  usb_core.o
    0x08015118   0x08015118   0x0000005e   Code   RO         1901    i.USB_OTG_EPDeactivate  usb_core.o
    0x08015176   0x08015176   0x00000064   Code   RO         1902    i.USB_OTG_EPSetStall  usb_core.o
    0x080151da   0x080151da   0x000001f6   Code   RO         1903    i.USB_OTG_EPStartXfer  usb_core.o
    0x080153d0   0x080153d0   0x00000034   Code   RO         1904    i.USB_OTG_EnableCommonInt  usb_core.o
    0x08015404   0x08015404   0x000000b0   Code   RO         1905    i.USB_OTG_EnableDevInt  usb_core.o
    0x080154b4   0x080154b4   0x00000022   Code   RO         1906    i.USB_OTG_EnableGlobalInt  usb_core.o
    0x080154d6   0x080154d6   0x00000002   PAD
    0x080154d8   0x080154d8   0x0000004c   Code   RO         1907    i.USB_OTG_FlushRxFifo  usb_core.o
    0x08015524   0x08015524   0x00000054   Code   RO         1908    i.USB_OTG_FlushTxFifo  usb_core.o
    0x08015578   0x08015578   0x00000034   Code   RO         1909    i.USB_OTG_GetDeviceSpeed  usb_core.o
    0x080155ac   0x080155ac   0x0000000c   Code   RO         1911    i.USB_OTG_GetMode   usb_core.o
    0x080155b8   0x080155b8   0x00000018   Code   RO         1912    i.USB_OTG_InitDevSpeed  usb_core.o
    0x080155d0   0x080155d0   0x00000016   Code   RO         1913    i.USB_OTG_IsDeviceMode  usb_core.o
    0x080155e6   0x080155e6   0x00000010   Code   RO         1915    i.USB_OTG_ReadCoreItr  usb_core.o
    0x080155f6   0x080155f6   0x00000010   Code   RO         1916    i.USB_OTG_ReadDevAllInEPItr  usb_core.o
    0x08015606   0x08015606   0x00000010   Code   RO         1917    i.USB_OTG_ReadDevAllOutEp_itr  usb_core.o
    0x08015616   0x08015616   0x00000014   Code   RO         1918    i.USB_OTG_ReadDevOutEP_itr  usb_core.o
    0x0801562a   0x0801562a   0x00000028   Code   RO         1920    i.USB_OTG_ReadPacket  usb_core.o
    0x08015652   0x08015652   0x00000002   PAD
    0x08015654   0x08015654   0x000000d4   Code   RO         1921    i.USB_OTG_SelectCore  usb_core.o
    0x08015728   0x08015728   0x0000004e   Code   RO         1922    i.USB_OTG_SetCurrentMode  usb_core.o
    0x08015776   0x08015776   0x00000036   Code   RO         1925    i.USB_OTG_UngateClock  usb_core.o
    0x080157ac   0x080157ac   0x00000040   Code   RO         1926    i.USB_OTG_WritePacket  usb_core.o
    0x080157ec   0x080157ec   0x00000004   Code   RO         2575    i.UsageFault_Handler  stm32f10x_it.o
    0x080157f0   0x080157f0   0x0000011c   Code   RO         1043    i.Vol_Res_Test      loadtest.o
    0x0801590c   0x0801590c   0x000000a4   Code   RO          539    i.WCRDL_SeedTokey   seedkey.o
    0x080159b0   0x080159b0   0x00000060   Code   RO         1130    i.WIFISendDatas     wifi_task.o
    0x08015a10   0x08015a10   0x00000028   Code   RO         6639    i.__ARM_fpclassify  m_ws.l(fpclassify.o)
    0x08015a38   0x08015a38   0x0000001c   Code   RO          540    i.__ROR4__          seedkey.o
    0x08015a54   0x08015a54   0x000000aa   Code   RO         6641    i.__kernel_poly     m_ws.l(poly.o)
    0x08015afe   0x08015afe   0x00000002   PAD
    0x08015b00   0x08015b00   0x00000010   Code   RO         6625    i.__mathlib_dbl_divzero  m_ws.l(dunder.o)
    0x08015b10   0x08015b10   0x00000004   Code   RO         6627    i.__mathlib_dbl_infnan2  m_ws.l(dunder.o)
    0x08015b14   0x08015b14   0x0000000c   Code   RO         6628    i.__mathlib_dbl_invalid  m_ws.l(dunder.o)
    0x08015b20   0x08015b20   0x0000000e   Code   RO         6629    i.__mathlib_dbl_overflow  m_ws.l(dunder.o)
    0x08015b2e   0x08015b2e   0x00000002   PAD
    0x08015b30   0x08015b30   0x00000010   Code   RO         6631    i.__mathlib_dbl_underflow  m_ws.l(dunder.o)
    0x08015b40   0x08015b40   0x0000000e   Code   RO         6431    i._is_digit         c_w.l(__printf_wp.o)
    0x08015b4e   0x08015b4e   0x00000002   PAD
    0x08015b50   0x08015b50   0x000001b0   Code   RO         1298    i.bmp280CompensateP  bmp280.o
    0x08015d00   0x08015d00   0x00000048   Code   RO         1299    i.bmp280CompensateT  bmp280.o
    0x08015d48   0x08015d48   0x00000088   Code   RO         1300    i.bmp280GetData     bmp280.o
    0x08015dd0   0x08015dd0   0x0000004c   Code   RO         1301    i.bmp280GetPressure  bmp280.o
    0x08015e1c   0x08015e1c   0x00000060   Code   RO         1302    i.bmp280Init        bmp280.o
    0x08015e7c   0x08015e7c   0x0000007c   Code   RO         1303    i.bmp280PressureToAltitude  bmp280.o
    0x08015ef8   0x08015ef8   0x00000010   Code   RO          541    i.calMaskIndex      seedkey.o
    0x08015f08   0x08015f08   0x0000002a   Code   RO          542    i.calcWfld          seedkey.o
    0x08015f32   0x08015f32   0x00000016   Code   RO          986    i.delay             globalvar.o
    0x08015f48   0x08015f48   0x00000016   Code   RO         1304    i.delay_us          bmp280.o
    0x08015f5e   0x08015f5e   0x000000da   Code   RO          543    i.genKeyCRI         seedkey.o
    0x08016038   0x08016038   0x00000066   Code   RO          544    i.genKeyCRIN        seedkey.o
    0x0801609e   0x0801609e   0x00000060   Code   RO         1305    i.iicDevRead        bmp280.o
    0x080160fe   0x080160fe   0x00000040   Code   RO         1306    i.iicDevReadByte    bmp280.o
    0x0801613e   0x0801613e   0x00000030   Code   RO         1308    i.iicDevWriteByte   bmp280.o
    0x0801616e   0x0801616e   0x00000002   PAD
    0x08016170   0x08016170   0x000000cc   Code   RO          164    i.main              main.o
    0x0801623c   0x0801623c   0x000009d8   Code   RO         6517    i.pow               m_ws.l(pow.o)
    0x08016c14   0x08016c14   0x00000100   Code   RO         1309    i.presssureFilter   bmp280.o
    0x08016d14   0x08016d14   0x00000020   Code   RO          545    i.revers_array      seedkey.o
    0x08016d34   0x08016d34   0x0000001c   Code   RO          546    i.rotateLeft        seedkey.o
    0x08016d50   0x08016d50   0x000000ce   Code   RO          547    i.security_calculate  seedkey.o
    0x08016e1e   0x08016e1e   0x0000004c   Code   RO         6645    i.sqrt              m_ws.l(sqrt.o)
    0x08016e6a   0x08016e6a   0x0000000c   Code   RO          548    i.sub_100D6030      seedkey.o
    0x08016e76   0x08016e76   0x00000028   Code   RO          549    i.sub_100D6040      seedkey.o
    0x08016e9e   0x08016e9e   0x00000002   PAD
    0x08016ea0   0x08016ea0   0x00000098   Code   RO          550    i.sub_100D60A0      seedkey.o
    0x08016f38   0x08016f38   0x0000000c   Code   RO          551    i.sub_100D60B0      seedkey.o
    0x08016f44   0x08016f44   0x00000028   Code   RO          552    i.sub_100D60C0      seedkey.o
    0x08016f6c   0x08016f6c   0x000000dc   Code   RO          553    i.sub_100D6120      seedkey.o
    0x08017048   0x08017048   0x00000068   Code   RO          554    i.sub_100D6250      seedkey.o
    0x080170b0   0x080170b0   0x0000008a   Code   RO          555    i.sub_100D62D0      seedkey.o
    0x0801713a   0x0801713a   0x00000002   PAD
    0x0801713c   0x0801713c   0x000000cc   Code   RO          556    i.sub_100D6380      seedkey.o
    0x08017208   0x08017208   0x00000050   Code   RO          557    i.sub_3F57          seedkey.o
    0x08017258   0x08017258   0x00000022   Code   RO          558    i.sub_75EB46C4      seedkey.o
    0x0801727a   0x0801727a   0x00000002   PAD
    0x0801727c   0x0801727c   0x0000006c   Code   RO          559    i.sub_F2F1010       seedkey.o
    0x080172e8   0x080172e8   0x0000002c   Code   RO         6735    locale$$code        c_w.l(lc_numeric_c.o)
    0x08017314   0x08017314   0x0000002c   Code   RO         6752    locale$$code        c_w.l(lc_ctype_c.o)
    0x08017340   0x08017340   0x00000062   Code   RO         6462    x$fpl$d2f           fz_ws.l(d2f.o)
    0x080173a2   0x080173a2   0x00000002   PAD
    0x080173a4   0x080173a4   0x00000150   Code   RO         6464    x$fpl$dadd          fz_ws.l(daddsub_clz.o)
    0x080174f4   0x080174f4   0x00000010   Code   RO         6689    x$fpl$dcheck1       fz_ws.l(dcheck1.o)
    0x08017504   0x08017504   0x00000018   Code   RO         6598    x$fpl$dcmpinf       fz_ws.l(dcmpi.o)
    0x0801751c   0x0801751c   0x000002b0   Code   RO         6471    x$fpl$ddiv          fz_ws.l(ddiv.o)
    0x080177cc   0x080177cc   0x0000005a   Code   RO         6474    x$fpl$dfixu         fz_ws.l(dfixu.o)
    0x08017826   0x08017826   0x0000002e   Code   RO         6479    x$fpl$dflt          fz_ws.l(dflt_clz.o)
    0x08017854   0x08017854   0x00000026   Code   RO         6478    x$fpl$dfltu         fz_ws.l(dflt_clz.o)
    0x0801787a   0x0801787a   0x00000002   PAD
    0x0801787c   0x0801787c   0x00000078   Code   RO         6484    x$fpl$dleqf         fz_ws.l(dleqf.o)
    0x080178f4   0x080178f4   0x00000154   Code   RO         6486    x$fpl$dmul          fz_ws.l(dmul.o)
    0x08017a48   0x08017a48   0x0000009c   Code   RO         6600    x$fpl$dnaninf       fz_ws.l(dnaninf.o)
    0x08017ae4   0x08017ae4   0x0000000c   Code   RO         6602    x$fpl$dretinf       fz_ws.l(dretinf.o)
    0x08017af0   0x08017af0   0x0000006c   Code   RO         6604    x$fpl$drleqf        fz_ws.l(drleqf.o)
    0x08017b5c   0x08017b5c   0x00000016   Code   RO         6465    x$fpl$drsb          fz_ws.l(daddsub_clz.o)
    0x08017b72   0x08017b72   0x00000002   PAD
    0x08017b74   0x08017b74   0x000001cc   Code   RO         6691    x$fpl$dsqrt         fz_ws.l(dsqrt_noumaal.o)
    0x08017d40   0x08017d40   0x000001d4   Code   RO         6466    x$fpl$dsub          fz_ws.l(daddsub_clz.o)
    0x08017f14   0x08017f14   0x00000056   Code   RO         6488    x$fpl$f2d           fz_ws.l(f2d.o)
    0x08017f6a   0x08017f6a   0x00000002   PAD
    0x08017f6c   0x08017f6c   0x000000c4   Code   RO         6490    x$fpl$fadd          fz_ws.l(faddsub_clz.o)
    0x08018030   0x08018030   0x00000018   Code   RO         6606    x$fpl$fcmpinf       fz_ws.l(fcmpi.o)
    0x08018048   0x08018048   0x00000184   Code   RO         6497    x$fpl$fdiv          fz_ws.l(fdiv.o)
    0x080181cc   0x080181cc   0x00000068   Code   RO         6500    x$fpl$feqf          fz_ws.l(feqf.o)
    0x08018234   0x08018234   0x0000003e   Code   RO         6502    x$fpl$ffixu         fz_ws.l(ffixu.o)
    0x08018272   0x08018272   0x00000002   PAD
    0x08018274   0x08018274   0x00000026   Code   RO         6506    x$fpl$ffltu         fz_ws.l(fflt_clz.o)
    0x0801829a   0x0801829a   0x00000002   PAD
    0x0801829c   0x0801829c   0x00000068   Code   RO         6608    x$fpl$fleqf         fz_ws.l(fleqf.o)
    0x08018304   0x08018304   0x00000102   Code   RO         6512    x$fpl$fmul          fz_ws.l(fmul.o)
    0x08018406   0x08018406   0x0000008c   Code   RO         6610    x$fpl$fnaninf       fz_ws.l(fnaninf.o)
    0x08018492   0x08018492   0x0000000a   Code   RO         6612    x$fpl$fretinf       fz_ws.l(fretinf.o)
    0x0801849c   0x0801849c   0x00000062   Code   RO         6514    x$fpl$frleqf        fz_ws.l(frleqf.o)
    0x080184fe   0x080184fe   0x00000002   PAD
    0x08018500   0x08018500   0x000000ea   Code   RO         6492    x$fpl$fsub          fz_ws.l(faddsub_clz.o)
    0x080185ea   0x080185ea   0x00000004   Code   RO         6614    x$fpl$printf1       fz_ws.l(printf1.o)
    0x080185ee   0x080185ee   0x00000004   Code   RO         6616    x$fpl$printf2       fz_ws.l(printf2.o)
    0x080185f2   0x080185f2   0x00000064   Code   RO         6747    x$fpl$retnan        fz_ws.l(retnan.o)
    0x08018656   0x08018656   0x0000005c   Code   RO         6622    x$fpl$scalbn        fz_ws.l(scalbn.o)
    0x080186b2   0x080186b2   0x00000030   Code   RO         6805    x$fpl$trapveneer    fz_ws.l(trapv.o)
    0x080186e2   0x080186e2   0x00000000   Code   RO         6624    x$fpl$usenofp       fz_ws.l(usenofp.o)
    0x080186e2   0x080186e2   0x00000026   Data   RO          268    .constdata          messdealtask.o
    0x08018708   0x08018708   0x00001494   Data   RO          561    .constdata          seedkey.o
    0x08019b9c   0x08019b9c   0x00000019   Data   RO         1045    .constdata          loadtest.o
    0x08019bb5   0x08019bb5   0x00000072   Data   RO         1134    .constdata          wifi_task.o
    0x08019c27   0x08019c27   0x00000100   Data   RO         5750    .constdata          os_core.o
    0x08019d27   0x08019d27   0x00000011   Data   RO         6439    .constdata          c_w.l(__printf_flags_ss_wp.o)
    0x08019d38   0x08019d38   0x00000088   Data   RO         6518    .constdata          m_ws.l(pow.o)
    0x08019dc0   0x08019dc0   0x00000008   Data   RO         6546    .constdata          c_w.l(_printf_wctomb.o)
    0x08019dc8   0x08019dc8   0x00000028   Data   RO         6575    .constdata          c_w.l(_printf_hex_int_ll_ptr.o)
    0x08019df0   0x08019df0   0x00000008   Data   RO         6643    .constdata          m_ws.l(qnan.o)
    0x08019df8   0x08019df8   0x00000026   Data   RO         6681    .constdata          c_w.l(_printf_fp_hex.o)
    0x08019e1e   0x08019e1e   0x00000002   PAD
    0x08019e20   0x08019e20   0x00000094   Data   RO         6710    .constdata          c_w.l(bigflt0.o)
    0x08019eb4   0x08019eb4   0x00000020   Data   RO         6884    Region$$Table       anon$$obj.o
    0x08019ed4   0x08019ed4   0x0000001c   Data   RO         6734    locale$$data        c_w.l(lc_numeric_c.o)
    0x08019ef0   0x08019ef0   0x00000110   Data   RO         6751    locale$$data        c_w.l(lc_ctype_c.o)


    Execution Region RW_IRAM1 (Exec base: 0x20000000, Load base: 0x0801a000, Size: 0x0000f7d8, Max: 0x00010000, ABSOLUTE, COMPRESSED[0x0000075c])

    Exec Addr    Load Addr    Size         Type   Attr      Idx    E Section Name        Object

    0x20000000   COMPRESSED   0x0000006d   Data   RW          166    .data               main.o
    0x2000006d   COMPRESSED   0x00000003   PAD
    0x20000070   COMPRESSED   0x0000000c   Data   RW          269    .data               messdealtask.o
    0x2000007c   COMPRESSED   0x00000008   Data   RW          320    .data               can_k_task.o
    0x20000084   COMPRESSED   0x00000009   Data   RW          367    .data               pwminit.o
    0x2000008d   COMPRESSED   0x00000003   PAD
    0x20000090   COMPRESSED   0x00000012   Data   RW          411    .data               ads1243task.o
    0x200000a2   COMPRESSED   0x00000002   PAD
    0x200000a4   COMPRESSED   0x0000000e   Data   RW          479    .data               ota_code.o
    0x200000b2   COMPRESSED   0x00000002   PAD
    0x200000b4   COMPRESSED   0x000023ac   Data   RW          562    .data               seedkey.o
    0x20002460   COMPRESSED   0x0000001c   Data   RW          855    .data               memblock.o
    0x2000247c   COMPRESSED   0x00000002   Data   RW         1025    .data               comtest.o
    0x2000247e   COMPRESSED   0x00000003   Data   RW         1046    .data               loadtest.o
    0x20002481   COMPRESSED   0x00000003   PAD
    0x20002484   COMPRESSED   0x00000015   Data   RW         1099    .data               bt_uart_init.o
    0x20002499   COMPRESSED   0x00000007   PAD
    0x200024a0   COMPRESSED   0x00000014   Data   RW         1250    .data               adc.o
    0x200024b4   COMPRESSED   0x00000018   Data   RW         1311    .data               bmp280.o
    0x200024cc   COMPRESSED   0x0000002c   Data   RW         1455    .data               can1_2config.o
    0x200024f8   COMPRESSED   0x0000000e   Data   RW         1551    .data               k_config.o
    0x20002506   COMPRESSED   0x00000002   PAD
    0x20002508   COMPRESSED   0x00000011   Data   RW         1586    .data               rs232uartinit.o
    0x20002519   COMPRESSED   0x00000003   PAD
    0x2000251c   COMPRESSED   0x0000000c   Data   RW         1625    .data               rs485uartinit.o
    0x20002528   COMPRESSED   0x0000001c   Data   RW         1695    .data               usbd_usr.o
    0x20002544   COMPRESSED   0x0000003c   Data   RW         1750    .data               usbd_desc.o
    0x20002580   COMPRESSED   0x0000000d   Data   RW         2210    .data               usbd_req.o
    0x2000258d   COMPRESSED   0x00000003   PAD
    0x20002590   COMPRESSED   0x00000034   Data   RW         2302    .data               usbd_core.o
    0x200025c4   COMPRESSED   0x0000007c   Data   RW         2438    .data               usbd_hid_core.o
    0x20002640   COMPRESSED   0x00000045   Data   RW         2485    .data               stm32fxxx_it.o
    0x20002685   COMPRESSED   0x00000001   PAD
    0x20002686   COMPRESSED   0x0000000c   Data   RW         2576    .data               stm32f10x_it.o
    0x20002692   COMPRESSED   0x00000002   PAD
    0x20002694   COMPRESSED   0x00000004   Data   RW         2667    .data               system_stm32f10x.o
    0x20002698   COMPRESSED   0x00000014   Data   RW         4305    .data               stm32f10x_rcc.o
    0x200026ac   COMPRESSED   0x00000048   Data   RW         5751    .data               os_core.o
    0x200026f4        -       0x00001b1c   Zero   RW          165    .bss                main.o
    0x20004210        -       0x000005f4   Zero   RW          238    .bss                usbtask.o
    0x20004804        -       0x000002df   Zero   RW          366    .bss                pwminit.o
    0x20004ae3   COMPRESSED   0x00000001   PAD
    0x20004ae4        -       0x00000160   Zero   RW          410    .bss                ads1243task.o
    0x20004c44        -       0x00000160   Zero   RW          457    .bss                pwmdealfun.o
    0x20004da4        -       0x0000080f   Zero   RW          478    .bss                ota_code.o
    0x200055b3   COMPRESSED   0x00000001   PAD
    0x200055b4        -       0x00000010   Zero   RW          560    .bss                seedkey.o
    0x200055c4        -       0x00008516   Zero   RW          854    .bss                memblock.o
    0x2000dada        -       0x00000014   Zero   RW         1044    .bss                loadtest.o
    0x2000daee        -       0x00000018   Zero   RW         1249    .bss                adc.o
    0x2000db06   COMPRESSED   0x00000002   PAD
    0x2000db08        -       0x00000030   Zero   RW         1310    .bss                bmp280.o
    0x2000db38        -       0x00000040   Zero   RW         2209    .bss                usbd_req.o
    0x2000db78        -       0x00000040   Zero   RW         2437    .bss                usbd_hid_core.o
    0x2000dbb8        -       0x000013bc   Zero   RW         5749    .bss                os_core.o
    0x2000ef74        -       0x00000060   Zero   RW         6694    .bss                c_w.l(libspace.o)
    0x2000efd4   COMPRESSED   0x00000004   PAD
    0x2000efd8        -       0x00000400   Zero   RW         2693    HEAP                startup_stm32f10x_cl.o
    0x2000f3d8        -       0x00000400   Zero   RW         2692    STACK               startup_stm32f10x_cl.o


==============================================================================

Image component sizes


      Code (inc. data)   RO Data    RW Data    ZI Data      Debug   Object Name

       684         48          0         20         24       3242   adc.o
      1576        120          0         18        352       2434   ads1243task.o
      2056        130          0         24         48      14273   bmp280.o
       336         26          0          0          0     347166   bsp.o
       604         62          0          0          0       1617   bt_sendtask.o
       880         80          0         21          0       2890   bt_uart_init.o
      1044         96          0         44          0       6399   can1_2config.o
      2438         80          0          8          0       5279   can_k_task.o
      1480         48          0          2          0       2448   comtest.o
       320         14          0          0          0       2359   flashdeal.o
       602         50          0          0          0       3194   globalvar.o
       960         74          0         14          0       2722   k_config.o
       144         16          0          0          0        968   klinedeal.o
      1944         72         25          3         20       5007   loadtest.o
      1240        270          0        109       6940      27119   main.o
      1132        128          0         28      34070       3371   memblock.o
       390          0          0          0          0       3257   memq.o
       332          0          0          0          0       3781   memstore.o
      2412        134         38         12          0       6755   messdealtask.o
       192         30          0          0          0       2231   misc.o
      2096        380        256         72       5052      19340   os_core.o
       180         36          0          0          0        292   os_cpu_a.o
       170          0          0          0          0      12145   os_cpu_c.o
       416         22          0          0          0       2437   os_mbox.o
       328         20          0          0          0       3033   os_mem.o
      1048         72          0          0          0       3612   os_mutex.o
       634         34          0          0          0       3183   os_q.o
       442         22          0          0          0       2852   os_sem.o
       790         64          0          0          0       5088   os_task.o
       216         30          0          0          0       1300   os_time.o
       908         36          0         14       2063      16737   ota_code.o
      3444         84          0          0        352       2801   pwmdealfun.o
      2924        128          0          9        735       4977   pwminit.o
       104          8          0          0          0       1404   rs232_485task.o
      1552        104          0         17          0       3819   rs232uartinit.o
       832         78          0         12          0       2724   rs485uartinit.o
      6030        248       5268       9132         16      39607   seedkey.o
      1784         42          0          0          0       1558   seedkeyfun.o
       758         38          0          0          0       3805   spi_config.o
        64         26        336          0       2048        740   startup_stm32f10x_cl.o
       390         10          0          0          0       6684   stm32f10x_adc.o
      1180         12          0          0          0       4862   stm32f10x_can.o
       506         26          0          0          0       4639   stm32f10x_dma.o
       200         18          0          0          0       1820   stm32f10x_exti.o
       310         32          0          0          0       4415   stm32f10x_flash.o
       448          6          0          0          0       4062   stm32f10x_gpio.o
      3794         80          0         12          0     227338   stm32f10x_it.o
       592         64          0         20          0       7312   stm32f10x_rcc.o
       112          0          0          0          0       3402   stm32f10x_spi.o
      1032         92          0          0          0      12490   stm32f10x_tim.o
       602         28          0          0          0       6140   stm32f10x_usart.o
       144         18          0         69          0       3245   stm32fxxx_it.o
         0          0          0          0          0         32   sys.o
       316         20          0          4          0       2073   system_stm32f10x.o
       204          0          0          0          0       2319   usb_bsp.o
      3578         18          0          0          0      19451   usb_core.o
       702          0          0          0          0       5675   usb_dcd.o
      2086         62          0          0          0       9302   usb_dcd_int.o
       820          6          0         52          0       9564   usbd_core.o
       332        156          0         60          0       5088   usbd_desc.o
       422         36          0        124         64       4670   usbd_hid_core.o
       178          0          0          0          0       3140   usbd_ioreq.o
      1732         54          0         13         64       8851   usbd_req.o
        14          0          0         28          0       2985   usbd_usr.o
       300         38          0          0       1524       1837   usbtask.o
        96         10        114          0          0       1518   wifi_task.o

    ----------------------------------------------------------------------
     65662       3736       6069       9972      53376     940880   Object Totals
         0          0         32          0          0          0   (incl. Generated)
        86          0          0         31          4          0   (incl. Padding)

    ----------------------------------------------------------------------

      Code (inc. data)   RO Data    RW Data    ZI Data      Debug   Library Member Name

        44          6          0          0          0         84   __2sprintf.o
       100          0          0          0          0          0   __dclz77c.o
         8          0          0          0          0         68   __main.o
       392          4         17          0          0         92   __printf_flags_ss_wp.o
        14          0          0          0          0         68   __printf_wp.o
         0          0          0          0          0          0   __rtentry.o
        12          0          0          0          0          0   __rtentry2.o
         6          0          0          0          0          0   __rtentry4.o
        52          8          0          0          0          0   __scatter.o
        28          0          0          0          0          0   __scatter_zi.o
         6          0          0          0          0          0   _printf_a.o
         6          0          0          0          0          0   _printf_c.o
        44          0          0          0          0        108   _printf_char.o
        48          6          0          0          0         96   _printf_char_common.o
        40          0          0          0          0         68   _printf_charcount.o
         6          0          0          0          0          0   _printf_d.o
       120         16          0          0          0         92   _printf_dec.o
         6          0          0          0          0          0   _printf_e.o
         6          0          0          0          0          0   _printf_f.o
      1054          0          0          0          0        216   _printf_fp_dec.o
       764          8         38          0          0        100   _printf_fp_hex.o
       128         16          0          0          0         84   _printf_fp_infnan.o
         6          0          0          0          0          0   _printf_g.o
       148          4         40          0          0        160   _printf_hex_int_ll_ptr.o
         6          0          0          0          0          0   _printf_i.o
       178          0          0          0          0         88   _printf_intcommon.o
        10          0          0          0          0          0   _printf_l.o
         6          0          0          0          0          0   _printf_lc.o
        10          0          0          0          0          0   _printf_ll.o
         6          0          0          0          0          0   _printf_lld.o
         6          0          0          0          0          0   _printf_lli.o
         6          0          0          0          0          0   _printf_llo.o
         6          0          0          0          0          0   _printf_llu.o
         6          0          0          0          0          0   _printf_llx.o
       124         16          0          0          0         92   _printf_longlong_dec.o
         6          0          0          0          0          0   _printf_ls.o
         6          0          0          0          0          0   _printf_n.o
         6          0          0          0          0          0   _printf_o.o
       112         10          0          0          0        124   _printf_oct_int_ll.o
         6          0          0          0          0          0   _printf_p.o
        78          0          0          0          0        108   _printf_pad.o
         0          0          0          0          0          0   _printf_percent.o
         4          0          0          0          0          0   _printf_percent_end.o
         6          0          0          0          0          0   _printf_s.o
        82          0          0          0          0         80   _printf_str.o
        36          0          0          0          0         84   _printf_truncate.o
         6          0          0          0          0          0   _printf_u.o
        44          0          0          0          0        108   _printf_wchar.o
       188          6          8          0          0         92   _printf_wctomb.o
         6          0          0          0          0          0   _printf_x.o
        22          0          0          0          0        100   _rserrno.o
        10          0          0          0          0         68   _sputc.o
        64          0          0          0          0         92   _wcrtomb.o
       228          4        148          0          0         96   bigflt0.o
      1936        128          0          0          0        672   btod.o
        18          0          0          0          0         80   exit.o
         6          0          0          0          0        152   heapauxi.o
         0          0          0          0          0          0   indicate_semi.o
        44         10        272          0          0         76   lc_ctype_c.o
        44         10         28          0          0         76   lc_numeric_c.o
         2          0          0          0          0          0   libinit.o
        30          0          0          0          0          0   libinit2.o
         2          0          0          0          0          0   libshutdown.o
         2          0          0          0          0          0   libshutdown2.o
         8          4          0          0         96         68   libspace.o
        72          0          0          0          0         76   llsdiv.o
       138          0          0          0          0         80   lludiv10.o
       238          0          0          0          0        100   lludivv7m.o
        88          0          0          0          0         76   memcmp.o
        16          4          0          0          0         76   rt_ctype_table.o
         8          4          0          0          0         68   rt_errno_addr_intlibspace.o
         8          4          0          0          0         68   rt_locale_intlibspace.o
        68          0          0          0          0         68   rt_memclr.o
        78          0          0          0          0         80   rt_memclr_w.o
       138          0          0          0          0         68   rt_memcpy_v6.o
       100          0          0          0          0         80   rt_memcpy_w.o
         2          0          0          0          0          0   rtexit.o
        10          0          0          0          0          0   rtexit2.o
        44          6          0          0          0         84   sprintf.o
       128          0          0          0          0         68   strcmpv7m.o
        62          0          0          0          0         76   strlen.o
        36          0          0          0          0         80   strstr.o
        12          4          0          0          0         68   sys_exit.o
        74          0          0          0          0         80   sys_stackheap_outer.o
         2          0          0          0          0         68   use_no_semi.o
        98          4          0          0          0         92   d2f.o
       826         16          0          0          0        348   daddsub_clz.o
        16          4          0          0          0         68   dcheck1.o
        24          0          0          0          0         68   dcmpi.o
       688        140          0          0          0        208   ddiv.o
        90          4          0          0          0         92   dfixu.o
        84          0          0          0          0        136   dflt_clz.o
       120          4          0          0          0         92   dleqf.o
       340         12          0          0          0        104   dmul.o
       156          4          0          0          0         92   dnaninf.o
        12          0          0          0          0         68   dretinf.o
       108          0          0          0          0         80   drleqf.o
       460         56          0          0          0        120   dsqrt_noumaal.o
        86          4          0          0          0         84   f2d.o
       430          8          0          0          0        168   faddsub_clz.o
        24          0          0          0          0         68   fcmpi.o
       388         76          0          0          0         96   fdiv.o
       104          4          0          0          0         84   feqf.o
        62          4          0          0          0         84   ffixu.o
        38          0          0          0          0         68   fflt_clz.o
       104          4          0          0          0         84   fleqf.o
       258          4          0          0          0         84   fmul.o
       140          4          0          0          0         84   fnaninf.o
        10          0          0          0          0         68   fretinf.o
        98          0          0          0          0         68   frleqf.o
         4          0          0          0          0         68   printf1.o
         4          0          0          0          0         68   printf2.o
       100          0          0          0          0         68   retnan.o
        92          0          0          0          0         68   scalbn.o
        48          0          0          0          0         68   trapv.o
         0          0          0          0          0          0   usenofp.o
        62         10          0          0          0        340   dunder.o
        40          0          0          0          0         68   fpclassify.o
       170          0          0          0          0         96   poly.o
      2520        190        136          0          0        324   pow.o
         0          0          8          0          0          0   qnan.o
        76          0          0          0          0         84   sqrt.o

    ----------------------------------------------------------------------
     15636        830        697          0        100       8716   Library Totals
        30          0          2          0          4          0   (incl. Padding)

    ----------------------------------------------------------------------

      Code (inc. data)   RO Data    RW Data    ZI Data      Debug   Library Name

      7726        278        551          0         96       4856   c_w.l
      5012        352          0          0          0       2948   fz_ws.l
      2868        200        144          0          0        912   m_ws.l

    ----------------------------------------------------------------------
     15636        830        697          0        100       8716   Library Totals

    ----------------------------------------------------------------------

==============================================================================


      Code (inc. data)   RO Data    RW Data    ZI Data      Debug   

     81298       4566       6766       9972      53476     921720   Grand Totals
     81298       4566       6766       1884      53476     921720   ELF Image Totals (compressed)
     81298       4566       6766       1884          0          0   ROM Totals

==============================================================================

    Total RO  Size (Code + RO Data)                88064 (  86.00kB)
    Total RW  Size (RW Data + ZI Data)             63448 (  61.96kB)
    Total ROM Size (Code + RO Data + RW Data)      89948 (  87.84kB)

==============================================================================

